Component: ARM Compiler 6.16 Tool: armlink [5dfeaa00]

==============================================================================

Section Cross References

    startup_stm32f103xb.o(RESET) refers to startup_stm32f103xb.o(STACK) for __initial_sp
    startup_stm32f103xb.o(RESET) refers to startup_stm32f103xb.o(.text) for Reset_Handler
    startup_stm32f103xb.o(RESET) refers to stm32f1xx_it.o(.text.NMI_Handler) for NMI_Handler
    startup_stm32f103xb.o(RESET) refers to stm32f1xx_it.o(.text.HardFault_Handler) for HardFault_Handler
    startup_stm32f103xb.o(RESET) refers to stm32f1xx_it.o(.text.MemManage_Handler) for MemManage_Handler
    startup_stm32f103xb.o(RESET) refers to stm32f1xx_it.o(.text.BusFault_Handler) for BusFault_Handler
    startup_stm32f103xb.o(RESET) refers to stm32f1xx_it.o(.text.UsageFault_Handler) for UsageFault_Handler
    startup_stm32f103xb.o(RESET) refers to stm32f1xx_it.o(.text.SVC_Handler) for SVC_Handler
    startup_stm32f103xb.o(RESET) refers to stm32f1xx_it.o(.text.DebugMon_Handler) for DebugMon_Handler
    startup_stm32f103xb.o(RESET) refers to stm32f1xx_it.o(.text.PendSV_Handler) for PendSV_Handler
    startup_stm32f103xb.o(RESET) refers to stm32f1xx_it.o(.text.SysTick_Handler) for SysTick_Handler
    startup_stm32f103xb.o(RESET) refers to stm32f1xx_it.o(.text.USB_LP_CAN1_RX0_IRQHandler) for USB_LP_CAN1_RX0_IRQHandler
    startup_stm32f103xb.o(RESET) refers to stm32f1xx_it.o(.text.CAN1_RX1_IRQHandler) for CAN1_RX1_IRQHandler
    startup_stm32f103xb.o(RESET) refers to stm32f1xx_it.o(.text.TIM4_IRQHandler) for TIM4_IRQHandler
    startup_stm32f103xb.o(.text) refers to system_stm32f1xx.o(.text.SystemInit) for SystemInit
    startup_stm32f103xb.o(.text) refers to entry.o(.ARM.Collect$$$$00000000) for __main
    main.o(.text.main) refers to stm32f1xx_hal.o(.text.HAL_Init) for HAL_Init
    main.o(.text.main) refers to main.o(.text.SystemClock_Config) for SystemClock_Config
    main.o(.text.main) refers to gpio.o(.text.MX_GPIO_Init) for MX_GPIO_Init
    main.o(.text.main) refers to can.o(.text.MX_CAN_Init) for MX_CAN_Init
    main.o(.text.main) refers to tim.o(.text.MX_TIM4_Init) for MX_TIM4_Init
    main.o(.text.main) refers to bsp_can.o(.text.CAN_Module_Init) for CAN_Module_Init
    main.o(.text.main) refers to bsp_canopen.o(.text.CANopen_Init) for CANopen_Init
    main.o(.text.main) refers to pdo.o(.text.sendPDOevent) for sendPDOevent
    main.o(.text.main) refers to stm32f1xx_hal.o(.text.HAL_Delay) for HAL_Delay
    main.o(.text.main) refers to slave1.o(.bss.tx_Value) for tx_Value
    main.o(.text.main) refers to slave1.o(.data.Slave1_Data) for Slave1_Data
    main.o(.ARM.exidx.text.main) refers to main.o(.text.main) for [Anonymous Symbol]
    main.o(.text.SystemClock_Config) refers to memseta.o(.text) for __aeabi_memclr4
    main.o(.text.SystemClock_Config) refers to stm32f1xx_hal_rcc.o(.text.HAL_RCC_OscConfig) for HAL_RCC_OscConfig
    main.o(.text.SystemClock_Config) refers to stm32f1xx_hal_rcc.o(.text.HAL_RCC_ClockConfig) for HAL_RCC_ClockConfig
    main.o(.ARM.exidx.text.SystemClock_Config) refers to main.o(.text.SystemClock_Config) for [Anonymous Symbol]
    main.o(.ARM.exidx.text.Error_Handler) refers to main.o(.text.Error_Handler) for [Anonymous Symbol]
    main.o(.text.HAL_TIM_PeriodElapsedCallback) refers to bsp_canopen_timer.o(.text.TIMx_DispatchFromISR) for TIMx_DispatchFromISR
    main.o(.ARM.exidx.text.HAL_TIM_PeriodElapsedCallback) refers to main.o(.text.HAL_TIM_PeriodElapsedCallback) for [Anonymous Symbol]
    gpio.o(.ARM.exidx.text.MX_GPIO_Init) refers to gpio.o(.text.MX_GPIO_Init) for [Anonymous Symbol]
    can.o(.text.MX_CAN_Init) refers to stm32f1xx_hal_can.o(.text.HAL_CAN_Init) for HAL_CAN_Init
    can.o(.text.MX_CAN_Init) refers to main.o(.text.Error_Handler) for Error_Handler
    can.o(.text.MX_CAN_Init) refers to can.o(.bss.hcan) for hcan
    can.o(.ARM.exidx.text.MX_CAN_Init) refers to can.o(.text.MX_CAN_Init) for [Anonymous Symbol]
    can.o(.text.HAL_CAN_MspInit) refers to stm32f1xx_hal_gpio.o(.text.HAL_GPIO_Init) for HAL_GPIO_Init
    can.o(.text.HAL_CAN_MspInit) refers to stm32f1xx_hal_cortex.o(.text.HAL_NVIC_SetPriority) for HAL_NVIC_SetPriority
    can.o(.text.HAL_CAN_MspInit) refers to stm32f1xx_hal_cortex.o(.text.HAL_NVIC_EnableIRQ) for HAL_NVIC_EnableIRQ
    can.o(.ARM.exidx.text.HAL_CAN_MspInit) refers to can.o(.text.HAL_CAN_MspInit) for [Anonymous Symbol]
    can.o(.text.HAL_CAN_MspDeInit) refers to stm32f1xx_hal_gpio.o(.text.HAL_GPIO_DeInit) for HAL_GPIO_DeInit
    can.o(.text.HAL_CAN_MspDeInit) refers to stm32f1xx_hal_cortex.o(.text.HAL_NVIC_DisableIRQ) for HAL_NVIC_DisableIRQ
    can.o(.ARM.exidx.text.HAL_CAN_MspDeInit) refers to can.o(.text.HAL_CAN_MspDeInit) for [Anonymous Symbol]
    tim.o(.text.MX_TIM4_Init) refers to stm32f1xx_hal_tim.o(.text.HAL_TIM_Base_Init) for HAL_TIM_Base_Init
    tim.o(.text.MX_TIM4_Init) refers to main.o(.text.Error_Handler) for Error_Handler
[...]
    Slave1_obj1800_Inhibit_Time              0x20001400   Data           2  slave1.o(.data.Slave1_obj1800_Inhibit_Time)
    Slave1_obj1800_Transmission_Type         0x20001402   Data           1  slave1.o(.data.Slave1_obj1800_Transmission_Type)
    Slave1_obj1801_COB_ID_used_by_PDO        0x20001404   Data           4  slave1.o(.data.Slave1_obj1801_COB_ID_used_by_PDO)
    Slave1_obj1801_Transmission_Type         0x20001408   Data           1  slave1.o(.data.Slave1_obj1801_Transmission_Type)
    Slave1_obj1802_COB_ID_used_by_PDO        0x2000140c   Data           4  slave1.o(.data.Slave1_obj1802_COB_ID_used_by_PDO)
    Slave1_obj1802_Transmission_Type         0x20001410   Data           1  slave1.o(.data.Slave1_obj1802_Transmission_Type)
    Slave1_obj1803_COB_ID_used_by_PDO        0x20001414   Data           4  slave1.o(.data.Slave1_obj1803_COB_ID_used_by_PDO)
    Slave1_obj1803_Transmission_Type         0x20001418   Data           1  slave1.o(.data.Slave1_obj1803_Transmission_Type)
    Slave1_obj1A00                           0x2000141c   Data           4  slave1.o(.data.Slave1_obj1A00)
    SystemCoreClock                          0x20001420   Data           4  system_stm32f1xx.o(.data.SystemCoreClock)
    g_CAN_Rec                                0x20001428   Data          16  bsp_can.o(.bss..L_MergedGlobals)
    CANopen_Slave                            0x2000145c   Data          20  bsp_canopen.o(.bss.CANopen_Slave)
    Slave1_bDeviceNodeId                     0x20001470   Data           1  slave1.o(.bss.Slave1_bDeviceNodeId)
    Slave1_heartBeatTimers                   0x20001472   Data           2  slave1.o(.bss.Slave1_heartBeatTimers)
    Slave1_highestSubIndex_obj1003           0x20001474   Data           1  slave1.o(.bss.Slave1_highestSubIndex_obj1003)
    Slave1_highestSubIndex_obj1016           0x20001475   Data           1  slave1.o(.bss.Slave1_highestSubIndex_obj1016)
    Slave1_obj1000                           0x20001478   Data           4  slave1.o(.bss.Slave1_obj1000)
    Slave1_obj1001                           0x2000147c   Data           1  slave1.o(.bss.Slave1_obj1001)
    Slave1_obj1003                           0x20001480   Data           4  slave1.o(.bss.Slave1_obj1003)
    Slave1_obj1005                           0x20001484   Data           4  slave1.o(.bss.Slave1_obj1005)
    Slave1_obj1006                           0x20001488   Data           4  slave1.o(.bss.Slave1_obj1006)
    Slave1_obj100C                           0x2000148c   Data           2  slave1.o(.bss.Slave1_obj100C)
    Slave1_obj100D                           0x2000148e   Data           1  slave1.o(.bss.Slave1_obj100D)
    Slave1_obj1010_Save_All_Parameters       0x20001490   Data           4  slave1.o(.bss.Slave1_obj1010_Save_All_Parameters)
    Slave1_obj1010_Save_Application_Parameters 0x20001494   Data           4  slave1.o(.bss.Slave1_obj1010_Save_Application_Parameters)
    Slave1_obj1010_Save_Communication_Parameters 0x20001498   Data           4  slave1.o(.bss.Slave1_obj1010_Save_Communication_Parameters)
    Slave1_obj1010_Save_Manufacturer_Parameters_1 0x2000149c   Data           4  slave1.o(.bss.Slave1_obj1010_Save_Manufacturer_Parameters_1)
    Slave1_obj1010_Save_Manufacturer_Parameters_10 0x200014a0   Data           4  slave1.o(.bss.Slave1_obj1010_Save_Manufacturer_Parameters_10)
    Slave1_obj1010_Save_Manufacturer_Parameters_100 0x200014a4   Data           4  slave1.o(.bss.Slave1_obj1010_Save_Manufacturer_Parameters_100)
    Slave1_obj1010_Save_Manufacturer_Parameters_101 0x200014a8   Data           4  slave1.o(.bss.Slave1_obj1010_Save_Manufacturer_Parameters_101)
    Slave1_obj1010_Save_Manufacturer_Parameters_102 0x200014ac   Data           4  slave1.o(.bss.Slave1_obj1010_Save_Manufacturer_Parameters_102)
    Slave1_obj1010_Save_Manufacturer_Parameters_103 0x200014b0   Data           4  slave1.o(.bss.Slave1_obj1010_Save_Manufacturer_Parameters_103)
    Slave1_obj1010_Save_Manufacturer_Parameters_104 0x200014b4   Data           4  slave1.o(.bss.Slave1_obj1010_Save_Manufacturer_Parameters_104)
    Slave1_obj1010_Save_Manufacturer_Parameters_105 0x200014b8   Data           4  slave1.o(.bss.Slave1_obj1010_Save_Manufacturer_Parameters_105)
    Slave1_obj1010_Save_Manufacturer_Parameters_106 0x200014bc   Data           4  slave1.o(.bss.Slave1_obj1010_Save_Manufacturer_Parameters_106)
    Slave1_obj1010_Save_Manufacturer_Parameters_107 0x200014c0   Data           4  slave1.o(.bss.Slave1_obj1010_Save_Manufacturer_Parameters_107)
    Slave1_obj1010_Save_Manufacturer_Parameters_108 0x200014c4   Data           4  slave1.o(.bss.Slave1_obj1010_Save_Manufacturer_Parameters_108)
    Slave1_obj1010_Save_Manufacturer_Parameters_109 0x200014c8   Data           4  slave1.o(.bss.Slave1_obj1010_Save_Manufacturer_Parameters_109)
    Slave1_obj1010_Save_Manufacturer_Parameters_11 0x200014cc   Data           4  slave1.o(.bss.Slave1_obj1010_Save_Manufacturer_Parameters_11)
    Slave1_obj1010_Save_Manufacturer_Parameters_110 0x200014d0   Data           4  slave1.o(.bss.Slave1_obj1010_Save_Manufacturer_Parameters_110)
    Slave1_obj1010_Save_Manufacturer_Parameters_111 0x200014d4   Data           4  slave1.o(.bss.Slave1_obj1010_Save_Manufacturer_Parameters_111)
    Slave1_obj1010_Save_Manufacturer_Parameters_112 0x200014d8   Data           4  slave1.o(.bss.Slave1_obj1010_Save_Manufacturer_Parameters_112)
    Slave1_obj1010_Save_Manufacturer_Parameters_113 0x200014dc   Data           4  slave1.o(.bss.Slave1_obj1010_Save_Manufacturer_Parameters_113)
    Slave1_obj1010_Save_Manufacturer_Parameters_114 0x200014e0   Data           4  slave1.o(.bss.Slave1_obj1010_Save_Manufacturer_Parameters_114)
    Slave1_obj1010_Save_Manufacturer_Parameters_115 0x200014e4   Data           4  slave1.o(.bss.Slave1_obj1010_Save_Manufacturer_Parameters_115)
    Slave1_obj1010_Save_Manufacturer_Parameters_116 0x200014e8   Data           4  slave1.o(.bss.Slave1_obj1010_Save_Manufacturer_Parameters_116)
    Slave1_obj1010_Save_Manufacturer_Parameters_117 0x200014ec   Data           4  slave1.o(.bss.Slave1_obj1010_Save_Manufacturer_Parameters_117)
    Slave1_obj1010_Save_Manufacturer_Parameters_118 0x200014f0   Data           4  slave1.o(.bss.Slave1_obj1010_Save_Manufacturer_Parameters_118)
    Slave1_obj1010_Save_Manufacturer_Parameters_119 0x200014f4   Data           4  slave1.o(.bss.Slave1_obj1010_Save_Manufacturer_Parameters_119)
    Slave1_obj1010_Save_Manufacturer_Parameters_12 0x200014f8   Data           4  slave1.o(.bss.Slave1_obj1010_Save_Manufacturer_Parameters_12)
    Slave1_obj1010_Save_Manufacturer_Parameters_120 0x200014fc   Data           4  slave1.o(.bss.Slave1_obj1010_Save_Manufacturer_Parameters_120)
    Slave1_obj1010_Save_Manufacturer_Parameters_121 0x20001500   Data           4  slave1.o(.bss.Slave1_obj1010_Save_Manufacturer_Parameters_121)
    Slave1_obj1010_Save_Manufacturer_Parameters_122 0x20001504   Data           4  slave1.o(.bss.Slave1_obj1010_Save_Manufacturer_Parameters_122)
    Slave1_obj1010_Save_Manufacturer_Parameters_123 0x20001508   Data           4  slave1.o(.bss.Slave1_obj1010_Save_Manufacturer_Parameters_123)
    Slave1_obj1010_Save_Manufacturer_Parameters_124 0x2000150c   Data           4  slave1.o(.bss.Slave1_obj1010_Save_Manufacturer_Parameters_124)
    Slave1_obj1010_Save_Manufacturer_Parameters_13 0x20001510   Data           4  slave1.o(.bss.Slave1_obj1010_Save_Manufacturer_Parameters_13)
    Slave1_obj1010_Save_Manufacturer_Parameters_14 0x20001514   Data           4  slave1.o(.bss.Slave1_obj1010_Save_Manufacturer_Parameters_14)
    Slave1_obj1010_Save_Manufacturer_Parameters_15 0x20001518   Data           4  slave1.o(.bss.Slave1_obj1010_Save_Manufacturer_Parameters_15)
    Slave1_obj1010_Save_Manufacturer_Parameters_16 0x2000151c   Data           4  slave1.o(.bss.Slave1_obj1010_Save_Manufacturer_Parameters_16)
    Slave1_obj1010_Save_Manufacturer_Parameters_17 0x20001520   Data           4  slave1.o(.bss.Slave1_obj1010_Save_Manufacturer_Parameters_17)
    Slave1_obj1010_Save_Manufacturer_Parameters_18 0x20001524   Data           4  slave1.o(.bss.Slave1_obj1010_Save_Manufacturer_Parameters_18)
    Slave1_obj1010_Save_Manufacturer_Parameters_19 0x20001528   Data           4  slave1.o(.bss.Slave1_obj1010_Save_Manufacturer_Parameters_19)
    Slave1_obj1010_Save_Manufacturer_Parameters_2 0x2000152c   Data           4  slave1.o(.bss.Slave1_obj1010_Save_Manufacturer_Parameters_2)
    Slave1_obj1010_Save_Manufacturer_Parameters_20 0x20001530   Data           4  slave1.o(.bss.Slave1_obj1010_Save_Manufacturer_Parameters_20)
    Slave1_obj1010_Save_Manufacturer_Parameters_21 0x20001534   Data           4  slave1.o(.bss.Slave1_obj1010_Save_Manufacturer_Parameters_21)
    Slave1_obj1010_Save_Manufacturer_Parameters_22 0x20001538   Data           4  slave1.o(.bss.Slave1_obj1010_Save_Manufacturer_Parameters_22)
    Slave1_obj1010_Save_Manufacturer_Parameters_23 0x2000153c   Data           4  slave1.o(.bss.Slave1_obj1010_Save_Manufacturer_Parameters_23)
    Slave1_obj1010_Save_Manufacturer_Parameters_24 0x20001540   Data           4  slave1.o(.bss.Slave1_obj1010_Save_Manufacturer_Parameters_24)
    Slave1_obj1010_Save_Manufacturer_Parameters_25 0x20001544   Data           4  slave1.o(.bss.Slave1_obj1010_Save_Manufacturer_Parameters_25)
    Slave1_obj1010_Save_Manufacturer_Parameters_26 0x20001548   Data           4  slave1.o(.bss.Slave1_obj1010_Save_Manufacturer_Parameters_26)
    Slave1_obj1010_Save_Manufacturer_Parameters_27 0x2000154c   Data           4  slave1.o(.bss.Slave1_obj1010_Save_Manufacturer_Parameters_27)
    Slave1_obj1010_Save_Manufacturer_Parameters_28 0x20001550   Data           4  slave1.o(.bss.Slave1_obj1010_Save_Manufacturer_Parameters_28)
    Slave1_obj1010_Save_Manufacturer_Parameters_29 0x20001554   Data           4  slave1.o(.bss.Slave1_obj1010_Save_Manufacturer_Parameters_29)
    Slave1_obj1010_Save_Manufacturer_Parameters_3 0x20001558   Data           4  slave1.o(.bss.Slave1_obj1010_Save_Manufacturer_Parameters_3)
    Slave1_obj1010_Save_Manufacturer_Parameters_30 0x2000155c   Data           4  slave1.o(.bss.Slave1_obj1010_Save_Manufacturer_Parameters_30)
    Slave1_obj1010_Save_Manufacturer_Parameters_31 0x20001560   Data           4  slave1.o(.bss.Slave1_obj1010_Save_Manufacturer_Parameters_31)
    Slave1_obj1010_Save_Manufacturer_Parameters_32 0x20001564   Data           4  slave1.o(.bss.Slave1_obj1010_Save_Manufacturer_Parameters_32)
    Slave1_obj1010_Save_Manufacturer_Parameters_33 0x20001568   Data           4  slave1.o(.bss.Slave1_obj1010_Save_Manufacturer_Parameters_33)
    Slave1_obj1010_Save_Manufacturer_Parameters_34 0x2000156c   Data           4  slave1.o(.bss.Slave1_obj1010_Save_Manufacturer_Parameters_34)
    Slave1_obj1010_Save_Manufacturer_Parameters_35 0x20001570   Data           4  slave1.o(.bss.Slave1_obj1010_Save_Manufacturer_Parameters_35)
    Slave1_obj1010_Save_Manufacturer_Parameters_36 0x20001574   Data           4  slave1.o(.bss.Slave1_obj1010_Save_Manufacturer_Parameters_36)
    Slave1_obj1010_Save_Manufacturer_Parameters_37 0x20001578   Data           4  slave1.o(.bss.Slave1_obj1010_Save_Manufacturer_Parameters_37)
    Slave1_obj1010_Save_Manufacturer_Parameters_38 0x2000157c   Data           4  slave1.o(.bss.Slave1_obj1010_Save_Manufacturer_Parameters_38)
    Slave1_obj1010_Save_Manufacturer_Parameters_39 0x20001580   Data           4  slave1.o(.bss.Slave1_obj1010_Save_Manufacturer_Parameters_39)
    Slave1_obj1010_Save_Manufacturer_Parameters_4 0x20001584   Data           4  slave1.o(.bss.Slave1_obj1010_Save_Manufacturer_Parameters_4)
    Slave1_obj1010_Save_Manufacturer_Parameters_40 0x20001588   Data           4  slave1.o(.bss.Slave1_obj1010_Save_Manufacturer_Parameters_40)
    Slave1_obj1010_Save_Manufacturer_Parameters_41 0x2000158c   Data           4  slave1.o(.bss.Slave1_obj1010_Save_Manufacturer_Parameters_41)
    Slave1_obj1010_Save_Manufacturer_Parameters_42 0x20001590   Data           4  slave1.o(.bss.Slave1_obj1010_Save_Manufacturer_Parameters_42)
    Slave1_obj1010_Save_Manufacturer_Parameters_43 0x20001594   Data           4  slave1.o(.bss.Slave1_obj1010_Save_Manufacturer_Parameters_43)
    Slave1_obj1010_Save_Manufacturer_Parameters_44 0x20001598   Data           4  slave1.o(.bss.Slave1_obj1010_Save_Manufacturer_Parameters_44)
    Slave1_obj1010_Save_Manufacturer_Parameters_45 0x2000159c   Data           4  slave1.o(.bss.Slave1_obj1010_Save_Manufacturer_Parameters_45)
    Slave1_obj1010_Save_Manufacturer_Parameters_46 0x200015a0   Data           4  slave1.o(.bss.Slave1_obj1010_Save_Manufacturer_Parameters_46)
    Slave1_obj1010_Save_Manufacturer_Parameters_47 0x200015a4   Data           4  slave1.o(.bss.Slave1_obj1010_Save_Manufacturer_Parameters_47)
    Slave1_obj1010_Save_Manufacturer_Parameters_48 0x200015a8   Data           4  slave1.o(.bss.Slave1_obj1010_Save_Manufacturer_Parameters_48)
    Slave1_obj1010_Save_Manufacturer_Parameters_49 0x200015ac   Data           4  slave1.o(.bss.Slave1_obj1010_Save_Manufacturer_Parameters_49)
    Slave1_obj1010_Save_Manufacturer_Parameters_5 0x200015b0   Data           4  slave1.o(.bss.Slave1_obj1010_Save_Manufacturer_Parameters_5)
    Slave1_obj1010_Save_Manufacturer_Parameters_50 0x200015b4   Data           4  slave1.o(.bss.Slave1_obj1010_Save_Manufacturer_Parameters_50)
    Slave1_obj1010_Save_Manufacturer_Parameters_51 0x200015b8   Data           4  slave1.o(.bss.Slave1_obj1010_Save_Manufacturer_Parameters_51)
    Slave1_obj1010_Save_Manufacturer_Parameters_52 0x200015bc   Data           4  slave1.o(.bss.Slave1_obj1010_Save_Manufacturer_Parameters_52)
    Slave1_obj1010_Save_Manufacturer_Parameters_53 0x200015c0   Data           4  slave1.o(.bss.Slave1_obj1010_Save_Manufacturer_Parameters_53)
    Slave1_obj1010_Save_Manufacturer_Parameters_54 0x200015c4   Data           4  slave1.o(.bss.Slave1_obj1010_Save_Manufacturer_Parameters_54)
    Slave1_obj1010_Save_Manufacturer_Parameters_55 0x200015c8   Data           4  slave1.o(.bss.Slave1_obj1010_Save_Manufacturer_Parameters_55)
    Slave1_obj1010_Save_Manufacturer_Parameters_56 0x200015cc   Data           4  slave1.o(.bss.Slave1_obj1010_Save_Manufacturer_Parameters_56)
    Slave1_obj1010_Save_Manufacturer_Parameters_57 0x200015d0   Data           4  slave1.o(.bss.Slave1_obj1010_Save_Manufacturer_Parameters_57)
    Slave1_obj1010_Save_Manufacturer_Parameters_58 0x200015d4   Data           4  slave1.o(.bss.Slave1_obj1010_Save_Manufacturer_Parameters_58)
    Slave1_obj1010_Save_Manufacturer_Parameters_59 0x200015d8   Data           4  slave1.o(.bss.Slave1_obj1010_Save_Manufacturer_Parameters_59)
    Slave1_obj1010_Save_Manufacturer_Parameters_6 0x200015dc   Data           4  slave1.o(.bss.Slave1_obj1010_Save_Manufacturer_Parameters_6)
    Slave1_obj1010_Save_Manufacturer_Parameters_60 0x200015e0   Data           4  slave1.o(.bss.Slave1_obj1010_Save_Manufacturer_Parameters_60)
    Slave1_obj1010_Save_Manufacturer_Parameters_61 0x200015e4   Data           4  slave1.o(.bss.Slave1_obj1010_Save_Manufacturer_Parameters_61)
    Slave1_obj1010_Save_Manufacturer_Parameters_62 0x200015e8   Data           4  slave1.o(.bss.Slave1_obj1010_Save_Manufacturer_Parameters_62)
    Slave1_obj1010_Save_Manufacturer_Parameters_63 0x200015ec   Data           4  slave1.o(.bss.Slave1_obj1010_Save_Manufacturer_Parameters_63)
    Slave1_obj1010_Save_Manufacturer_Parameters_64 0x200015f0   Data           4  slave1.o(.bss.Slave1_obj1010_Save_Manufacturer_Parameters_64)
    Slave1_obj1010_Save_Manufacturer_Parameters_65 0x200015f4   Data           4  slave1.o(.bss.Slave1_obj1010_Save_Manufacturer_Parameters_65)
    Slave1_obj1010_Save_Manufacturer_Parameters_66 0x200015f8   Data           4  slave1.o(.bss.Slave1_obj1010_Save_Manufacturer_Parameters_66)
    Slave1_obj1010_Save_Manufacturer_Parameters_67 0x200015fc   Data           4  slave1.o(.bss.Slave1_obj1010_Save_Manufacturer_Parameters_67)
    Slave1_obj1010_Save_Manufacturer_Parameters_68 0x20001600   Data           4  slave1.o(.bss.Slave1_obj1010_Save_Manufacturer_Parameters_68)
    Slave1_obj1010_Save_Manufacturer_Parameters_69 0x20001604   Data           4  slave1.o(.bss.Slave1_obj1010_Save_Manufacturer_Parameters_69)
    Slave1_obj1010_Save_Manufacturer_Parameters_7 0x20001608   Data           4  slave1.o(.bss.Slave1_obj1010_Save_Manufacturer_Parameters_7)
    Slave1_obj1010_Save_Manufacturer_Parameters_70 0x2000160c   Data           4  slave1.o(.bss.Slave1_obj1010_Save_Manufacturer_Parameters_70)
    Slave1_obj1010_Save_Manufacturer_Parameters_71 0x20001610   Data           4  slave1.o(.bss.Slave1_obj1010_Save_Manufacturer_Parameters_71)
    Slave1_obj1010_Save_Manufacturer_Parameters_72 0x20001614   Data           4  slave1.o(.bss.Slave1_obj1010_Save_Manufacturer_Parameters_72)
    Slave1_obj1010_Save_Manufacturer_Parameters_73 0x20001618   Data           4  slave1.o(.bss.Slave1_obj1010_Save_Manufacturer_Parameters_73)
    Slave1_obj1010_Save_Manufacturer_Parameters_74 0x2000161c   Data           4  slave1.o(.bss.Slave1_obj1010_Save_Manufacturer_Parameters_74)
    Slave1_obj1010_Save_Manufacturer_Parameters_75 0x20001620   Data           4  slave1.o(.bss.Slave1_obj1010_Save_Manufacturer_Parameters_75)
    Slave1_obj1010_Save_Manufacturer_Parameters_76 0x20001624   Data           4  slave1.o(.bss.Slave1_obj1010_Save_Manufacturer_Parameters_76)
    Slave1_obj1010_Save_Manufacturer_Parameters_77 0x20001628   Data           4  slave1.o(.bss.Slave1_obj1010_Save_Manufacturer_Parameters_77)
    Slave1_obj1010_Save_Manufacturer_Parameters_78 0x2000162c   Data           4  slave1.o(.bss.Slave1_obj1010_Save_Manufacturer_Parameters_78)
    Slave1_obj1010_Save_Manufacturer_Parameters_79 0x20001630   Data           4  slave1.o(.bss.Slave1_obj1010_Save_Manufacturer_Parameters_79)
    Slave1_obj1010_Save_Manufacturer_Parameters_8 0x20001634   Data           4  slave1.o(.bss.Slave1_obj1010_Save_Manufacturer_Parameters_8)
    Slave1_obj1010_Save_Manufacturer_Parameters_80 0x20001638   Data           4  slave1.o(.bss.Slave1_obj1010_Save_Manufacturer_Parameters_80)
    Slave1_obj1010_Save_Manufacturer_Parameters_81 0x2000163c   Data           4  slave1.o(.bss.Slave1_obj1010_Save_Manufacturer_Parameters_81)
    Slave1_obj1010_Save_Manufacturer_Parameters_82 0x20001640   Data           4  slave1.o(.bss.Slave1_obj1010_Save_Manufacturer_Parameters_82)
    Slave1_obj1010_Save_Manufacturer_Parameters_83 0x20001644   Data           4  slave1.o(.bss.Slave1_obj1010_Save_Manufacturer_Parameters_83)
    Slave1_obj1010_Save_Manufacturer_Parameters_84 0x20001648   Data           4  slave1.o(.bss.Slave1_obj1010_Save_Manufacturer_Parameters_84)
    Slave1_obj1010_Save_Manufacturer_Parameters_85 0x2000164c   Data           4  slave1.o(.bss.Slave1_obj1010_Save_Manufacturer_Parameters_85)
    Slave1_obj1010_Save_Manufacturer_Parameters_86 0x20001650   Data           4  slave1.o(.bss.Slave1_obj1010_Save_Manufacturer_Parameters_86)
    Slave1_obj1010_Save_Manufacturer_Parameters_87 0x20001654   Data           4  slave1.o(.bss.Slave1_obj1010_Save_Manufacturer_Parameters_87)
    Slave1_obj1010_Save_Manufacturer_Parameters_88 0x20001658   Data           4  slave1.o(.bss.Slave1_obj1010_Save_Manufacturer_Parameters_88)
    Slave1_obj1010_Save_Manufacturer_Parameters_89 0x2000165c   Data           4  slave1.o(.bss.Slave1_obj1010_Save_Manufacturer_Parameters_89)
    Slave1_obj1010_Save_Manufacturer_Parameters_9 0x20001660   Data           4  slave1.o(.bss.Slave1_obj1010_Save_Manufacturer_Parameters_9)
    Slave1_obj1010_Save_Manufacturer_Parameters_90 0x20001664   Data           4  slave1.o(.bss.Slave1_obj1010_Save_Manufacturer_Parameters_90)
    Slave1_obj1010_Save_Manufacturer_Parameters_91 0x20001668   Data           4  slave1.o(.bss.Slave1_obj1010_Save_Manufacturer_Parameters_91)
    Slave1_obj1010_Save_Manufacturer_Parameters_92 0x2000166c   Data           4  slave1.o(.bss.Slave1_obj1010_Save_Manufacturer_Parameters_92)
    Slave1_obj1010_Save_Manufacturer_Parameters_93 0x20001670   Data           4  slave1.o(.bss.Slave1_obj1010_Save_Manufacturer_Parameters_93)
    Slave1_obj1010_Save_Manufacturer_Parameters_94 0x20001674   Data           4  slave1.o(.bss.Slave1_obj1010_Save_Manufacturer_Parameters_94)
    Slave1_obj1010_Save_Manufacturer_Parameters_95 0x20001678   Data           4  slave1.o(.bss.Slave1_obj1010_Save_Manufacturer_Parameters_95)
    Slave1_obj1010_Save_Manufacturer_Parameters_96 0x2000167c   Data           4  slave1.o(.bss.Slave1_obj1010_Save_Manufacturer_Parameters_96)
    Slave1_obj1010_Save_Manufacturer_Parameters_97 0x20001680   Data           4  slave1.o(.bss.Slave1_obj1010_Save_Manufacturer_Parameters_97)
    Slave1_obj1010_Save_Manufacturer_Parameters_98 0x20001684   Data           4  slave1.o(.bss.Slave1_obj1010_Save_Manufacturer_Parameters_98)
    Slave1_obj1010_Save_Manufacturer_Parameters_99 0x20001688   Data           4  slave1.o(.bss.Slave1_obj1010_Save_Manufacturer_Parameters_99)
    Slave1_obj1016                           0x2000168c   Data           4  slave1.o(.bss.Slave1_obj1016)
    Slave1_obj1018_Product_Code              0x20001690   Data           4  slave1.o(.bss.Slave1_obj1018_Product_Code)
    Slave1_obj1018_Revision_Number           0x20001694   Data           4  slave1.o(.bss.Slave1_obj1018_Revision_Number)
    Slave1_obj1018_Serial_Number             0x20001698   Data           4  slave1.o(.bss.Slave1_obj1018_Serial_Number)
    Slave1_obj1018_Vendor_ID                 0x2000169c   Data           4  slave1.o(.bss.Slave1_obj1018_Vendor_ID)
    Slave1_obj1400_Compatibility_Entry       0x200016a0   Data           1  slave1.o(.bss.Slave1_obj1400_Compatibility_Entry)
    Slave1_obj1400_Event_Timer               0x200016a2   Data           2  slave1.o(.bss.Slave1_obj1400_Event_Timer)
    Slave1_obj1400_Inhibit_Time              0x200016a4   Data           2  slave1.o(.bss.Slave1_obj1400_Inhibit_Time)
    Slave1_obj1400_SYNC_start_value          0x200016a6   Data           1  slave1.o(.bss.Slave1_obj1400_SYNC_start_value)
    Slave1_obj1400_Transmission_Type         0x200016a7   Data           1  slave1.o(.bss.Slave1_obj1400_Transmission_Type)
    Slave1_obj1401_Compatibility_Entry       0x200016a8   Data           1  slave1.o(.bss.Slave1_obj1401_Compatibility_Entry)
    Slave1_obj1401_Event_Timer               0x200016aa   Data           2  slave1.o(.bss.Slave1_obj1401_Event_Timer)
    Slave1_obj1401_Inhibit_Time              0x200016ac   Data           2  slave1.o(.bss.Slave1_obj1401_Inhibit_Time)
    Slave1_obj1401_SYNC_start_value          0x200016ae   Data           1  slave1.o(.bss.Slave1_obj1401_SYNC_start_value)
    Slave1_obj1401_Transmission_Type         0x200016af   Data           1  slave1.o(.bss.Slave1_obj1401_Transmission_Type)
    Slave1_obj1402_Compatibility_Entry       0x200016b0   Data           1  slave1.o(.bss.Slave1_obj1402_Compatibility_Entry)
    Slave1_obj1402_Event_Timer               0x200016b2   Data           2  slave1.o(.bss.Slave1_obj1402_Event_Timer)
    Slave1_obj1402_Inhibit_Time              0x200016b4   Data           2  slave1.o(.bss.Slave1_obj1402_Inhibit_Time)
    Slave1_obj1402_SYNC_start_value          0x200016b6   Data           1  slave1.o(.bss.Slave1_obj1402_SYNC_start_value)
    Slave1_obj1402_Transmission_Type         0x200016b7   Data           1  slave1.o(.bss.Slave1_obj1402_Transmission_Type)
    Slave1_obj1403_Compatibility_Entry       0x200016b8   Data           1  slave1.o(.bss.Slave1_obj1403_Compatibility_Entry)
    Slave1_obj1403_Event_Timer               0x200016ba   Data           2  slave1.o(.bss.Slave1_obj1403_Event_Timer)
    Slave1_obj1403_Inhibit_Time              0x200016bc   Data           2  slave1.o(.bss.Slave1_obj1403_Inhibit_Time)
    Slave1_obj1403_SYNC_start_value          0x200016be   Data           1  slave1.o(.bss.Slave1_obj1403_SYNC_start_value)
    Slave1_obj1403_Transmission_Type         0x200016bf   Data           1  slave1.o(.bss.Slave1_obj1403_Transmission_Type)
    Slave1_obj1600                           0x200016c0   Data           4  slave1.o(.bss.Slave1_obj1600)
    Slave1_obj1601                           0x200016c4   Data          32  slave1.o(.bss.Slave1_obj1601)
    Slave1_obj1602                           0x200016e4   Data          32  slave1.o(.bss.Slave1_obj1602)
    Slave1_obj1603                           0x20001704   Data          32  slave1.o(.bss.Slave1_obj1603)
    Slave1_obj1800_Compatibility_Entry       0x20001724   Data           1  slave1.o(.bss.Slave1_obj1800_Compatibility_Entry)
    Slave1_obj1800_Event_Timer               0x20001726   Data           2  slave1.o(.bss.Slave1_obj1800_Event_Timer)
    Slave1_obj1800_SYNC_start_value          0x20001728   Data           1  slave1.o(.bss.Slave1_obj1800_SYNC_start_value)
    Slave1_obj1801_Compatibility_Entry       0x20001729   Data           1  slave1.o(.bss.Slave1_obj1801_Compatibility_Entry)
    Slave1_obj1801_Event_Timer               0x2000172a   Data           2  slave1.o(.bss.Slave1_obj1801_Event_Timer)
    Slave1_obj1801_Inhibit_Time              0x2000172c   Data           2  slave1.o(.bss.Slave1_obj1801_Inhibit_Time)
    Slave1_obj1801_SYNC_start_value          0x2000172e   Data           1  slave1.o(.bss.Slave1_obj1801_SYNC_start_value)
    Slave1_obj1802_Compatibility_Entry       0x2000172f   Data           1  slave1.o(.bss.Slave1_obj1802_Compatibility_Entry)
    Slave1_obj1802_Event_Timer               0x20001730   Data           2  slave1.o(.bss.Slave1_obj1802_Event_Timer)
    Slave1_obj1802_Inhibit_Time              0x20001732   Data           2  slave1.o(.bss.Slave1_obj1802_Inhibit_Time)
    Slave1_obj1802_SYNC_start_value          0x20001734   Data           1  slave1.o(.bss.Slave1_obj1802_SYNC_start_value)
    Slave1_obj1803_Compatibility_Entry       0x20001735   Data           1  slave1.o(.bss.Slave1_obj1803_Compatibility_Entry)
    Slave1_obj1803_Event_Timer               0x20001736   Data           2  slave1.o(.bss.Slave1_obj1803_Event_Timer)
    Slave1_obj1803_Inhibit_Time              0x20001738   Data           2  slave1.o(.bss.Slave1_obj1803_Inhibit_Time)
    Slave1_obj1803_SYNC_start_value          0x2000173a   Data           1  slave1.o(.bss.Slave1_obj1803_SYNC_start_value)
    Slave1_obj1A01                           0x2000173c   Data          32  slave1.o(.bss.Slave1_obj1A01)
    Slave1_obj1A02                           0x2000175c   Data          32  slave1.o(.bss.Slave1_obj1A02)
    Slave1_obj1A03                           0x2000177c   Data          32  slave1.o(.bss.Slave1_obj1A03)
    hcan                                     0x2000179c   Data          40  can.o(.bss.hcan)
    htim4                                    0x200017c4   Data          72  tim.o(.bss.htim4)
    timers                                   0x20001810   Data         192  timer.o(.bss.timers)
    tx_Value                                 0x200018d0   Data           1  slave1.o(.bss.tx_Value)
    uwTick                                   0x200018d4   Data           4  stm32f1xx_hal.o(.bss.uwTick)
    __initial_sp                             0x200028d8   Data           0  startup_stm32f103xb.o(STACK)



==============================================================================

Memory Map of the image

  Image Entry point : 0x080000ed

  Load Region LR_IROM1 (Base: 0x08000000, Size: 0x000058f0, Max: 0x00020000, ABSOLUTE, COMPRESSED[0x000048e8])

    Execution Region ER_IROM1 (Exec base: 0x08000000, Load base: 0x08000000, Size: 0x000044c8, Max: 0x00020000, ABSOLUTE)

    Exec Addr    Load Addr    Size         Type   Attr      Idx    E Section Name        Object

    0x08000000   0x08000000   0x000000ec   Data   RO            3    RESET               startup_stm32f103xb.o
    0x080000ec   0x080000ec   0x00000000   Code   RO         1875  * .ARM.Collect$$$$00000000  mc_w.l(entry.o)
    0x080000ec   0x080000ec   0x00000004   Code   RO         1888    .ARM.Collect$$$$00000001  mc_w.l(entry2.o)
    0x080000f0   0x080000f0   0x00000004   Code   RO         1891    .ARM.Collect$$$$00000004  mc_w.l(entry5.o)
    0x080000f4   0x080000f4   0x00000000   Code   RO         1893    .ARM.Collect$$$$00000008  mc_w.l(entry7b.o)
    0x080000f4   0x080000f4   0x00000000   Code   RO         1895    .ARM.Collect$$$$0000000A  mc_w.l(entry8b.o)
    0x080000f4   0x080000f4   0x00000008   Code   RO         1896    .ARM.Collect$$$$0000000B  mc_w.l(entry9a.o)
    0x080000fc   0x080000fc   0x00000000   Code   RO         1898    .ARM.Collect$$$$0000000D  mc_w.l(entry10a.o)
    0x080000fc   0x080000fc   0x00000000   Code   RO         1900    .ARM.Collect$$$$0000000F  mc_w.l(entry11a.o)
    0x080000fc   0x080000fc   0x00000004   Code   RO         1889    .ARM.Collect$$$$00002712  mc_w.l(entry2.o)
    0x08000100   0x08000100   0x00000024   Code   RO            4    .text               startup_stm32f103xb.o
    0x08000124   0x08000124   0x00000024   Code   RO         1880    .text               mc_w.l(memcpya.o)
    0x08000148   0x08000148   0x00000024   Code   RO         1882    .text               mc_w.l(memseta.o)
    0x0800016c   0x0800016c   0x0000001a   Code   RO         1884    .text               mc_w.l(memcmp.o)
    0x08000186   0x08000186   0x00000002   PAD
    0x08000188   0x08000188   0x00000024   Code   RO         1902    .text               mc_w.l(init.o)
    0x080001ac   0x080001ac   0x00000056   Code   RO         1912    .text               mc_w.l(__dczerorl2.o)
    0x08000202   0x08000202   0x00000002   Code   RO           72    .text.BusFault_Handler  stm32f1xx_it.o
    0x08000204   0x08000204   0x00000008   Code   RO           86    .text.CAN1_RX1_IRQHandler  stm32f1xx_it.o
    0x0800020c   0x0800020c   0x00000044   Code   RO         1126    .text.CAN_Filter_Config  bsp_can.o
    0x08000250   0x08000250   0x00000004   Code   RO         1136    .text.CAN_Module_Init  bsp_can.o
    0x08000254   0x08000254   0x00000040   Code   RO         1128    .text.CAN_SendData  bsp_can.o
    0x08000294   0x08000294   0x00000028   Code   RO         1159    .text.CANopen_Get_MSG  bsp_canopen.o
    0x080002bc   0x080002bc   0x00000020   Code   RO         1155    .text.CANopen_Init  bsp_canopen.o
    0x080002dc   0x080002dc   0x00000026   Code   RO         1504    .text.ConsumerHeartbeatAlarm  lifegrd.o
    0x08000302   0x08000302   0x0000008e   Code   RO         1593    .text.CopyBits      pdo.o
    0x08000390   0x08000390   0x00000002   Code   RO           78    .text.DebugMon_Handler  stm32f1xx_it.o
    0x08000392   0x08000392   0x00000002   PAD
    0x08000394   0x08000394   0x00000034   Code   RO         1861    .text.DelAlarm      timer.o
    0x080003c8   0x080003c8   0x00000008   Code   RO           15    .text.Error_Handler  main.o
    0x080003d0   0x080003d0   0x00000064   Code   RO         1510    .text.GuardTimeAlarm  lifegrd.o
    0x08000434   0x08000434   0x00000026   Code   RO          154    .text.HAL_CAN_ActivateNotification  stm32f1xx_hal_can.o
    0x0800045a   0x0800045a   0x00000092   Code   RO          140    .text.HAL_CAN_AddTxMessage  stm32f1xx_hal_can.o
    0x080004ec   0x080004ec   0x000000de   Code   RO          130    .text.HAL_CAN_ConfigFilter  stm32f1xx_hal_can.o
    0x080005ca   0x080005ca   0x00000002   Code   RO          184    .text.HAL_CAN_ErrorCallback  stm32f1xx_hal_can.o
    0x080005cc   0x080005cc   0x000000c6   Code   RO          150    .text.HAL_CAN_GetRxMessage  stm32f1xx_hal_can.o
    0x08000692   0x08000692   0x00000028   Code   RO          144    .text.HAL_CAN_GetTxMailboxesFreeLevel  stm32f1xx_hal_can.o
    0x080006ba   0x080006ba   0x00000002   PAD
    0x080006bc   0x080006bc   0x000001f4   Code   RO          158    .text.HAL_CAN_IRQHandler  stm32f1xx_hal_can.o
    0x080008b0   0x080008b0   0x000000da   Code   RO          120    .text.HAL_CAN_Init  stm32f1xx_hal_can.o
    0x0800098a   0x0800098a   0x00000002   PAD
    0x0800098c   0x0800098c   0x0000009c   Code   RO           38    .text.HAL_CAN_MspInit  can.o
    0x08000a28   0x08000a28   0x00000002   Code   RO          172    .text.HAL_CAN_RxFifo0FullCallback  stm32f1xx_hal_can.o
    0x08000a2a   0x08000a2a   0x00000002   PAD
    0x08000a2c   0x08000a2c   0x0000005c   Code   RO         1132    .text.HAL_CAN_RxFifo0MsgPendingCallback  bsp_can.o
    0x08000a88   0x08000a88   0x00000002   Code   RO          176    .text.HAL_CAN_RxFifo1FullCallback  stm32f1xx_hal_can.o
    0x08000a8a   0x08000a8a   0x00000002   Code   RO          178    .text.HAL_CAN_RxFifo1MsgPendingCallback  stm32f1xx_hal_can.o
    0x08000a8c   0x08000a8c   0x00000002   Code   RO          180    .text.HAL_CAN_SleepCallback  stm32f1xx_hal_can.o
    0x08000a8e   0x08000a8e   0x0000004c   Code   RO          132    .text.HAL_CAN_Start  stm32f1xx_hal_can.o
    0x08000ada   0x08000ada   0x00000002   Code   RO          162    .text.HAL_CAN_TxMailbox0AbortCallback  stm32f1xx_hal_can.o
    0x08000adc   0x08000adc   0x00000002   Code   RO          160    .text.HAL_CAN_TxMailbox0CompleteCallback  stm32f1xx_hal_can.o
    0x08000ade   0x08000ade   0x00000002   Code   RO          166    .text.HAL_CAN_TxMailbox1AbortCallback  stm32f1xx_hal_can.o
    0x08000ae0   0x08000ae0   0x00000002   Code   RO          164    .text.HAL_CAN_TxMailbox1CompleteCallback  stm32f1xx_hal_can.o
    0x08000ae2   0x08000ae2   0x00000002   Code   RO          170    .text.HAL_CAN_TxMailbox2AbortCallback  stm32f1xx_hal_can.o
    0x08000ae4   0x08000ae4   0x00000002   Code   RO          168    .text.HAL_CAN_TxMailbox2CompleteCallback  stm32f1xx_hal_can.o
    0x08000ae6   0x08000ae6   0x00000002   Code   RO          182    .text.HAL_CAN_WakeUpFromRxMsgCallback  stm32f1xx_hal_can.o
    0x08000ae8   0x08000ae8   0x00000020   Code   RO          230    .text.HAL_Delay     stm32f1xx_hal.o
    0x08000b08   0x08000b08   0x000001ac   Code   RO          330    .text.HAL_GPIO_Init  stm32f1xx_hal_gpio.o
    0x08000cb4   0x08000cb4   0x00000008   Code   RO          222    .text.HAL_GetTick   stm32f1xx_hal.o
    0x08000cbc   0x08000cbc   0x00000014   Code   RO          220    .text.HAL_IncTick   stm32f1xx_hal.o
    0x08000cd0   0x08000cd0   0x00000020   Code   RO          210    .text.HAL_Init      stm32f1xx_hal.o
    0x08000cf0   0x08000cf0   0x0000003c   Code   RO          212    .text.HAL_InitTick  stm32f1xx_hal.o
    0x08000d2c   0x08000d2c   0x00000040   Code   RO           97    .text.HAL_MspInit   stm32f1xx_hal_msp.o
    0x08000d6c   0x08000d6c   0x00000018   Code   RO          394    .text.HAL_NVIC_EnableIRQ  stm32f1xx_hal_cortex.o
    0x08000d84   0x08000d84   0x00000038   Code   RO          390    .text.HAL_NVIC_SetPriority  stm32f1xx_hal_cortex.o
    0x08000dbc   0x08000dbc   0x00000020   Code   RO          388    .text.HAL_NVIC_SetPriorityGrouping  stm32f1xx_hal_cortex.o
    0x08000ddc   0x08000ddc   0x00000140   Code   RO          278    .text.HAL_RCC_ClockConfig  stm32f1xx_hal_rcc.o
    0x08000f1c   0x08000f1c   0x00000054   Code   RO          280    .text.HAL_RCC_GetSysClockFreq  stm32f1xx_hal_rcc.o
    0x08000f70   0x08000f70   0x000002fc   Code   RO          276    .text.HAL_RCC_OscConfig  stm32f1xx_hal_rcc.o
    0x0800126c   0x0800126c   0x00000028   Code   RO          402    .text.HAL_SYSTICK_Config  stm32f1xx_hal_cortex.o
    0x08001294   0x08001294   0x00000002   Code   RO         1029    .text.HAL_TIMEx_BreakCallback  stm32f1xx_hal_tim_ex.o
    0x08001296   0x08001296   0x00000002   Code   RO         1025    .text.HAL_TIMEx_CommutCallback  stm32f1xx_hal_tim_ex.o
    0x08001298   0x08001298   0x00000054   Code   RO         1019    .text.HAL_TIMEx_MasterConfigSynchronization  stm32f1xx_hal_tim_ex.o
    0x080012ec   0x080012ec   0x0000001e   Code   RO          571    .text.HAL_TIM_Base_Init  stm32f1xx_hal_tim.o
    0x0800130a   0x0800130a   0x00000002   PAD
    0x0800130c   0x0800130c   0x00000038   Code   RO           53    .text.HAL_TIM_Base_MspInit  tim.o
    0x08001344   0x08001344   0x00000054   Code   RO          585    .text.HAL_TIM_Base_Start_IT  stm32f1xx_hal_tim.o
    0x08001398   0x08001398   0x000000b2   Code   RO          759    .text.HAL_TIM_ConfigClockSource  stm32f1xx_hal_tim.o
    0x0800144a   0x0800144a   0x00000002   Code   RO          707    .text.HAL_TIM_IC_CaptureCallback  stm32f1xx_hal_tim.o
    0x0800144c   0x0800144c   0x00000126   Code   RO          705    .text.HAL_TIM_IRQHandler  stm32f1xx_hal_tim.o
    0x08001572   0x08001572   0x00000002   Code   RO          709    .text.HAL_TIM_OC_DelayElapsedCallback  stm32f1xx_hal_tim.o
    0x08001574   0x08001574   0x00000002   Code   RO          711    .text.HAL_TIM_PWM_PulseFinishedCallback  stm32f1xx_hal_tim.o
    0x08001576   0x08001576   0x00000002   PAD
    0x08001578   0x08001578   0x00000010   Code   RO           17    .text.HAL_TIM_PeriodElapsedCallback  main.o
    0x08001588   0x08001588   0x00000002   Code   RO          715    .text.HAL_TIM_TriggerCallback  stm32f1xx_hal_tim.o
    0x0800158a   0x0800158a   0x00000002   Code   RO           68    .text.HardFault_Handler  stm32f1xx_it.o
    0x0800158c   0x0800158c   0x00000028   Code   RO         1151    .text.InitNodes     bsp_canopen.o
    0x080015b4   0x080015b4   0x0000003c   Code   RO           36    .text.MX_CAN_Init   can.o
    0x080015f0   0x080015f0   0x00000044   Code   RO           28    .text.MX_GPIO_Init  gpio.o
    0x08001634   0x08001634   0x00000064   Code   RO           51    .text.MX_TIM4_Init  tim.o
    0x08001698   0x08001698   0x00000002   Code   RO           70    .text.MemManage_Handler  stm32f1xx_it.o
    0x0800169a   0x0800169a   0x00000002   Code   RO           66    .text.NMI_Handler   stm32f1xx_it.o
    0x0800169c   0x0800169c   0x0000000c   Code   RO          192    .text.OUTLINED_FUNCTION_0  stm32f1xx_hal_can.o
    0x080016a8   0x080016a8   0x00000010   Code   RO          302    .text.OUTLINED_FUNCTION_0  stm32f1xx_hal_rcc.o
    0x080016b8   0x080016b8   0x0000000e   Code   RO         1536    .text.OUTLINED_FUNCTION_0  lifegrd.o
    0x080016c6   0x080016c6   0x00000010   Code   RO         1623    .text.OUTLINED_FUNCTION_0  pdo.o
    0x080016d6   0x080016d6   0x00000008   Code   RO         1695    .text.OUTLINED_FUNCTION_0  sdo.o
    0x080016de   0x080016de   0x0000000e   Code   RO         1817    .text.OUTLINED_FUNCTION_0  states.o
    0x080016ec   0x080016ec   0x0000000c   Code   RO          194    .text.OUTLINED_FUNCTION_1  stm32f1xx_hal_can.o
    0x080016f8   0x080016f8   0x00000010   Code   RO          304    .text.OUTLINED_FUNCTION_1  stm32f1xx_hal_rcc.o
    0x08001708   0x08001708   0x0000000e   Code   RO          424    .text.OUTLINED_FUNCTION_1  stm32f1xx_hal_cortex.o
    0x08001716   0x08001716   0x0000002e   Code   RO          805    .text.OUTLINED_FUNCTION_1  stm32f1xx_hal_tim.o
    0x08001744   0x08001744   0x00000008   Code   RO         1625    .text.OUTLINED_FUNCTION_1  pdo.o
    0x0800174c   0x0800174c   0x0000002a   Code   RO         1697    .text.OUTLINED_FUNCTION_1  sdo.o
    0x08001776   0x08001776   0x00000006   Code   RO         1819    .text.OUTLINED_FUNCTION_1  states.o
    0x0800177c   0x0800177c   0x0000000a   Code   RO          823    .text.OUTLINED_FUNCTION_10  stm32f1xx_hal_tim.o
    0x08001786   0x08001786   0x0000000a   Code   RO         1715    .text.OUTLINED_FUNCTION_10  sdo.o
    0x08001790   0x08001790   0x00000010   Code   RO         1717    .text.OUTLINED_FUNCTION_11  sdo.o
    0x080017a0   0x080017a0   0x0000000c   Code   RO         1719    .text.OUTLINED_FUNCTION_12  sdo.o
    0x080017ac   0x080017ac   0x0000000c   Code   RO         1721    .text.OUTLINED_FUNCTION_13  sdo.o
    0x080017b8   0x080017b8   0x0000000c   Code   RO         1723    .text.OUTLINED_FUNCTION_14  sdo.o
    0x080017c4   0x080017c4   0x00000012   Code   RO         1725    .text.OUTLINED_FUNCTION_15  sdo.o
    0x080017d6   0x080017d6   0x00000010   Code   RO         1727    .text.OUTLINED_FUNCTION_16  sdo.o
    0x080017e6   0x080017e6   0x00000008   Code   RO         1731    .text.OUTLINED_FUNCTION_18  sdo.o
    0x080017ee   0x080017ee   0x00000014   Code   RO         1733    .text.OUTLINED_FUNCTION_19  sdo.o
    0x08001802   0x08001802   0x0000000e   Code   RO          196    .text.OUTLINED_FUNCTION_2  stm32f1xx_hal_can.o
    0x08001810   0x08001810   0x0000000a   Code   RO          306    .text.OUTLINED_FUNCTION_2  stm32f1xx_hal_rcc.o
    0x0800181a   0x0800181a   0x0000000c   Code   RO         1699    .text.OUTLINED_FUNCTION_2  sdo.o
    0x08001826   0x08001826   0x00000008   Code   RO         1735    .text.OUTLINED_FUNCTION_20  sdo.o
    0x0800182e   0x0800182e   0x00000014   Code   RO         1737    .text.OUTLINED_FUNCTION_21  sdo.o
    0x08001842   0x08001842   0x0000000c   Code   RO         1739    .text.OUTLINED_FUNCTION_22  sdo.o
    0x0800184e   0x0800184e   0x0000001a   Code   RO          849    .text.OUTLINED_FUNCTION_23  stm32f1xx_hal_tim.o
    0x08001868   0x08001868   0x00000012   Code   RO         1741    .text.OUTLINED_FUNCTION_23  sdo.o
    0x0800187a   0x0800187a   0x00000012   Code   RO         1743    .text.OUTLINED_FUNCTION_24  sdo.o
    0x0800188c   0x0800188c   0x00000006   Code   RO         1745    .text.OUTLINED_FUNCTION_25  sdo.o
    0x08001892   0x08001892   0x0000000a   Code   RO          855    .text.OUTLINED_FUNCTION_26  stm32f1xx_hal_tim.o
    0x0800189c   0x0800189c   0x0000000c   Code   RO         1751    .text.OUTLINED_FUNCTION_28  sdo.o
    0x080018a8   0x080018a8   0x00000010   Code   RO         1753    .text.OUTLINED_FUNCTION_29  sdo.o
    0x080018b8   0x080018b8   0x00000010   Code   RO          198    .text.OUTLINED_FUNCTION_3  stm32f1xx_hal_can.o
    0x080018c8   0x080018c8   0x00000008   Code   RO         1701    .text.OUTLINED_FUNCTION_3  sdo.o
    0x080018d0   0x080018d0   0x00000014   Code   RO          863    .text.OUTLINED_FUNCTION_30  stm32f1xx_hal_tim.o
    0x080018e4   0x080018e4   0x00000010   Code   RO         1759    .text.OUTLINED_FUNCTION_32  sdo.o
    0x080018f4   0x080018f4   0x00000008   Code   RO         1761    .text.OUTLINED_FUNCTION_33  sdo.o
    0x080018fc   0x080018fc   0x0000000a   Code   RO         1767    .text.OUTLINED_FUNCTION_36  sdo.o
    0x08001906   0x08001906   0x0000000a   Code   RO         1769    .text.OUTLINED_FUNCTION_37  sdo.o
    0x08001910   0x08001910   0x0000000a   Code   RO         1771    .text.OUTLINED_FUNCTION_38  sdo.o
    0x0800191a   0x0800191a   0x0000000e   Code   RO         1773    .text.OUTLINED_FUNCTION_39  sdo.o
    0x08001928   0x08001928   0x0000000c   Code   RO          200    .text.OUTLINED_FUNCTION_4  stm32f1xx_hal_can.o
    0x08001934   0x08001934   0x0000000e   Code   RO         1703    .text.OUTLINED_FUNCTION_4  sdo.o
    0x08001942   0x08001942   0x0000000c   Code   RO          883    .text.OUTLINED_FUNCTION_40  stm32f1xx_hal_tim.o
    0x0800194e   0x0800194e   0x0000000e   Code   RO         1775    .text.OUTLINED_FUNCTION_40  sdo.o
    0x0800195c   0x0800195c   0x0000000a   Code   RO         1777    .text.OUTLINED_FUNCTION_41  sdo.o
    0x08001966   0x08001966   0x0000000a   Code   RO         1779    .text.OUTLINED_FUNCTION_42  sdo.o
    0x08001970   0x08001970   0x00000008   Code   RO         1781    .text.OUTLINED_FUNCTION_43  sdo.o
    0x08001978   0x08001978   0x0000000e   Code   RO         1785    .text.OUTLINED_FUNCTION_45  sdo.o
    0x08001986   0x08001986   0x0000000a   Code   RO          895    .text.OUTLINED_FUNCTION_46  stm32f1xx_hal_tim.o
    0x08001990   0x08001990   0x0000000a   Code   RO         1787    .text.OUTLINED_FUNCTION_46  sdo.o
    0x0800199a   0x0800199a   0x00000006   Code   RO          899    .text.OUTLINED_FUNCTION_48  stm32f1xx_hal_tim.o
    0x080019a0   0x080019a0   0x0000000a   Code   RO         1705    .text.OUTLINED_FUNCTION_5  sdo.o
    0x080019aa   0x080019aa   0x00000012   Code   RO         1707    .text.OUTLINED_FUNCTION_6  sdo.o
    0x080019bc   0x080019bc   0x0000000a   Code   RO          937    .text.OUTLINED_FUNCTION_67  stm32f1xx_hal_tim.o
    0x080019c6   0x080019c6   0x0000000e   Code   RO          939    .text.OUTLINED_FUNCTION_68  stm32f1xx_hal_tim.o
    0x080019d4   0x080019d4   0x0000000e   Code   RO          817    .text.OUTLINED_FUNCTION_7  stm32f1xx_hal_tim.o
    0x080019e2   0x080019e2   0x0000000a   Code   RO          819    .text.OUTLINED_FUNCTION_8  stm32f1xx_hal_tim.o
    0x080019ec   0x080019ec   0x00000008   Code   RO         1711    .text.OUTLINED_FUNCTION_8  sdo.o
    0x080019f4   0x080019f4   0x00000006   Code   RO         1713    .text.OUTLINED_FUNCTION_9  sdo.o
    0x080019fa   0x080019fa   0x0000000a   Code   RO         1837    .text.OnCOB_ID_SyncUpdate  sync.o
    0x08001a04   0x08001a04   0x00000038   Code   RO         1518    .text.OnHeartbeatProducerUpdate  lifegrd.o
    0x08001a3c   0x08001a3c   0x00000012   Code   RO         1512    .text.OnNodeGuardUpdate  lifegrd.o
    0x08001a4e   0x08001a4e   0x00000026   Code   RO         1478    .text.OnNumberOfErrorsUpdate  emcy.o
    0x08001a74   0x08001a74   0x0000001a   Code   RO         1599    .text.PDOEventTimerAlarm  pdo.o
    0x08001a8e   0x08001a8e   0x00000028   Code   RO         1607    .text.PDOInhibitTimerAlarm  pdo.o
    0x08001ab6   0x08001ab6   0x00000002   PAD
    0x08001ab8   0x08001ab8   0x00000054   Code   RO         1615    .text.PDOInit       pdo.o
    0x08001b0c   0x08001b0c   0x0000004c   Code   RO         1617    .text.PDOStop       pdo.o
    0x08001b58   0x08001b58   0x00000002   Code   RO           80    .text.PendSV_Handler  stm32f1xx_it.o
    0x08001b5a   0x08001b5a   0x00000042   Code   RO         1508    .text.ProducerHeartbeatAlarm  lifegrd.o
    0x08001b9c   0x08001b9c   0x00000026   Code   RO         1579    .text.RegisterSetODentryCallBack  objacces.o
    0x08001bc2   0x08001bc2   0x00000002   PAD
    0x08001bc4   0x08001bc4   0x0000007c   Code   RO         1635    .text.SDOTimeoutAlarm  sdo.o
    0x08001c40   0x08001c40   0x00000030   Code   RO         1643    .text.SDOlineToObjdict  sdo.o
    0x08001c70   0x08001c70   0x00000038   Code   RO         1649    .text.SDOtoLine     sdo.o
    0x08001ca8   0x08001ca8   0x00000002   Code   RO           76    .text.SVC_Handler   stm32f1xx_it.o
    0x08001caa   0x08001caa   0x00000002   PAD
    0x08001cac   0x08001cac   0x00000088   Code   RO         1859    .text.SetAlarm      timer.o
    0x08001d34   0x08001d34   0x000000f8   Code   RO         1188    .text.Slave1_scanIndexOD  slave1.o
    0x08001e2c   0x08001e2c   0x00000014   Code   RO         1186    .text.Slave1_valueRangeTest  slave1.o
    0x08001e40   0x08001e40   0x0000001c   Code   RO         1153    .text.StartTimerLoop  bsp_canopen.o
    0x08001e5c   0x08001e5c   0x00000004   Code   RO         1833    .text.SyncAlarm     sync.o
    0x08001e60   0x08001e60   0x00000004   Code   RO           82    .text.SysTick_Handler  stm32f1xx_it.o
    0x08001e64   0x08001e64   0x00000066   Code   RO           13    .text.SystemClock_Config  main.o
    0x08001eca   0x08001eca   0x00000002   Code   RO         1111    .text.SystemInit    system_stm32f1xx.o
    0x08001ecc   0x08001ecc   0x0000000c   Code   RO           88    .text.TIM4_IRQHandler  stm32f1xx_it.o
    0x08001ed8   0x08001ed8   0x00000070   Code   RO          575    .text.TIM_Base_SetConfig  stm32f1xx_hal_tim.o
    0x08001f48   0x08001f48   0x00000022   Code   RO          761    .text.TIM_TI1_ConfigInputStage  stm32f1xx_hal_tim.o
    0x08001f6a   0x08001f6a   0x00000022   Code   RO          763    .text.TIM_TI2_ConfigInputStage  stm32f1xx_hal_tim.o
    0x08001f8c   0x08001f8c   0x00000010   Code   RO         1175    .text.TIMx_DispatchFromISR  bsp_canopen_timer.o
    0x08001f9c   0x08001f9c   0x00000054   Code   RO         1613    .text.TPDO_Communication_Parameter_Callback  pdo.o
    0x08001ff0   0x08001ff0   0x000000b4   Code   RO         1863    .text.TimeDispatch  timer.o
    0x080020a4   0x080020a4   0x0000000c   Code   RO           84    .text.USB_LP_CAN1_RX0_IRQHandler  stm32f1xx_it.o
    0x080020b0   0x080020b0   0x00000002   Code   RO           74    .text.UsageFault_Handler  stm32f1xx_it.o
    0x080020b2   0x080020b2   0x00000002   Code   RO         1611    .text._RxPDO_EventTimers_Handler  pdo.o
    0x080020b4   0x080020b4   0x00000024   Code   RO          392    .text.__NVIC_SetPriority  stm32f1xx_hal_cortex.o
    0x080020d8   0x080020d8   0x000000b0   Code   RO         1575    .text._getODentry   objacces.o
    0x08002188   0x08002188   0x00000002   Code   RO         1528    .text._heartbeatError  lifegrd.o
    0x0800218a   0x0800218a   0x00000002   Code   RO         1809    .text._initialisation  states.o
    0x0800218c   0x0800218c   0x00000002   Code   RO         1534    .text._nodeguardError  lifegrd.o
    0x0800218e   0x0800218e   0x00000002   Code   RO         1813    .text._operational  states.o
    0x08002190   0x08002190   0x00000002   Code   RO         1530    .text._post_SlaveBootup  lifegrd.o
    0x08002192   0x08002192   0x00000002   Code   RO         1532    .text._post_SlaveStateChange  lifegrd.o
    0x08002194   0x08002194   0x00000002   Code   RO         1849    .text._post_TPDO    sync.o
    0x08002196   0x08002196   0x00000002   Code   RO         1492    .text._post_emcy    emcy.o
    0x08002198   0x08002198   0x00000002   Code   RO         1847    .text._post_sync    sync.o
    0x0800219a   0x0800219a   0x00000010   Code   RO         1811    .text._preOperational  states.o
    0x080021aa   0x080021aa   0x00000130   Code   RO         1603    .text._sendPDOevent  pdo.o
    0x080022da   0x080022da   0x00000002   PAD
    0x080022dc   0x080022dc   0x000000e0   Code   RO         1577    .text._setODentry   objacces.o
    0x080023bc   0x080023bc   0x00000002   Code   RO         1815    .text._stopped      states.o
    0x080023be   0x080023be   0x00000004   Code   RO         1581    .text._storeODSubIndex  objacces.o
    0x080023c2   0x080023c2   0x000000e8   Code   RO         1591    .text.buildPDO      pdo.o
    0x080024aa   0x080024aa   0x00000002   PAD
    0x080024ac   0x080024ac   0x00000078   Code   RO         1799    .text.canDispatch   states.o
    0x08002524   0x08002524   0x00000030   Code   RO         1157    .text.canSend       bsp_canopen.o
    0x08002554   0x08002554   0x00000020   Code   RO         1480    .text.emergencyInit  emcy.o
    0x08002574   0x08002574   0x00000002   Code   RO         1482    .text.emergencyStop  emcy.o
    0x08002576   0x08002576   0x00000076   Code   RO         1651    .text.failedSDO     sdo.o
    0x080025ec   0x080025ec   0x00000024   Code   RO         1173    .text.getElapsedTime  bsp_canopen_timer.o
    0x08002610   0x08002610   0x00000006   Code   RO         1805    .text.getNodeId     states.o
    0x08002616   0x08002616   0x00000020   Code   RO         1657    .text.getSDOfreeLine  sdo.o
    0x08002636   0x08002636   0x00000036   Code   RO         1653    .text.getSDOlineOnUse  sdo.o
    0x0800266c   0x0800266c   0x0000007c   Code   RO         1520    .text.heartbeatInit  lifegrd.o
    0x080026e8   0x080026e8   0x00000036   Code   RO         1522    .text.heartbeatStop  lifegrd.o
    0x0800271e   0x0800271e   0x00000002   PAD
    0x08002720   0x08002720   0x0000008c   Code   RO         1655    .text.initSDOline   sdo.o
    0x080027ac   0x080027ac   0x00000012   Code   RO         1524    .text.lifeGuardInit  lifegrd.o
    0x080027be   0x080027be   0x00000012   Code   RO         1526    .text.lifeGuardStop  lifegrd.o
    0x080027d0   0x080027d0   0x00000044   Code   RO         1647    .text.lineToSDO     sdo.o
    0x08002814   0x08002814   0x0000003c   Code   RO           11    .text.main          main.o
    0x08002850   0x08002850   0x0000001e   Code   RO         1549    .text.masterSendNMTnodeguard  nmtmaster.o
    0x0800286e   0x0800286e   0x0000001e   Code   RO         1547    .text.masterSendNMTstateChange  nmtmaster.o
    0x0800288c   0x0800288c   0x00000070   Code   RO         1516    .text.nodeguardInit  lifegrd.o
    0x080028fc   0x080028fc   0x00000012   Code   RO         1514    .text.nodeguardStop  lifegrd.o
    0x0800290e   0x0800290e   0x0000003a   Code   RO         1645    .text.objdictToSDOline  sdo.o
    0x08002948   0x08002948   0x0000001e   Code   RO         1490    .text.proceedEMCY   emcy.o
    0x08002966   0x08002966   0x00000098   Code   RO         1561    .text.proceedNMTstateChange  nmtslave.o
    0x080029fe   0x080029fe   0x00000002   PAD
    0x08002a00   0x08002a00   0x000000f0   Code   RO         1506    .text.proceedNODE_GUARD  lifegrd.o
    0x08002af0   0x08002af0   0x00000260   Code   RO         1597    .text.proceedPDO    pdo.o
    0x08002d50   0x08002d50   0x00000fe4   Code   RO         1671    .text.proceedSDO    sdo.o
    0x08003d34   0x08003d34   0x0000002a   Code   RO         1845    .text.proceedSYNC   sync.o
    0x08003d5e   0x08003d5e   0x00000018   Code   RO         1641    .text.resetSDO      sdo.o
    0x08003d76   0x08003d76   0x00000038   Code   RO         1639    .text.resetSDOline  sdo.o
    0x08003dae   0x08003dae   0x00000002   PAD
    0x08003db0   0x08003db0   0x00000114   Code   RO         1605    .text.sendOnePDOevent  pdo.o
    0x08003ec4   0x08003ec4   0x00000006   Code   RO         1601    .text.sendPDOevent  pdo.o
    0x08003eca   0x08003eca   0x00000028   Code   RO         1609    .text.sendPdo       pdo.o
    0x08003ef2   0x08003ef2   0x00000074   Code   RO         1669    .text.sendSDO       sdo.o
    0x08003f66   0x08003f66   0x00000038   Code   RO         1637    .text.sendSDOabort  sdo.o
    0x08003f9e   0x08003f9e   0x00000014   Code   RO         1835    .text.sendSYNC      sync.o
    0x08003fb2   0x08003fb2   0x00000020   Code   RO         1843    .text.sendSYNCMessage  sync.o
    0x08003fd2   0x08003fd2   0x00000002   PAD
    0x08003fd4   0x08003fd4   0x00000140   Code   RO         1807    .text.setNodeId     states.o
    0x08004114   0x08004114   0x0000009c   Code   RO         1803    .text.setState      states.o
    0x080041b0   0x080041b0   0x00000030   Code   RO         1171    .text.setTimer      bsp_canopen_timer.o
    0x080041e0   0x080041e0   0x0000002a   Code   RO         1563    .text.slaveSendBootUp  nmtslave.o
    0x0800420a   0x0800420a   0x00000002   PAD
    0x0800420c   0x0800420c   0x00000060   Code   RO         1839    .text.startSYNC     sync.o
    0x0800426c   0x0800426c   0x0000002c   Code   RO         1841    .text.stopSYNC      sync.o
    0x08004298   0x08004298   0x000000f0   Code   RO         1801    .text.switchCommunicationState  states.o
    0x08004388   0x08004388   0x0000000e   Code   RO         1906    i.__scatterload_copy  mc_w.l(handlers.o)
    0x08004396   0x08004396   0x00000002   Code   RO         1907    i.__scatterload_null  mc_w.l(handlers.o)
    0x08004398   0x08004398   0x0000000e   Code   RO         1908    i.__scatterload_zeroinit  mc_w.l(handlers.o)
    0x080043a6   0x080043a6   0x00000007   Data   RO         1821    .rodata..L__const.setState.newCommunicationState  states.o
    0x080043ad   0x080043ad   0x00000007   Data   RO         1822    .rodata..L__const.setState.newCommunicationState.1  states.o
    0x080043b4   0x080043b4   0x00000007   Data   RO         1823    .rodata..L__const.setState.newCommunicationState.2  states.o
    0x080043bb   0x080043bb   0x00000007   Data   RO         1824    .rodata..L__const.setState.newCommunicationState.3  states.o
    0x080043c2   0x080043c2   0x00000010   Data   RO         1116    .rodata.AHBPrescTable  system_stm32f1xx.o
    0x080043d2   0x080043d2   0x00000002   Data   RO         1441    .rodata.Slave1_ObjdictSize  slave1.o
    0x080043d4   0x080043d4   0x0000000c   Data   RO         1439    .rodata.Slave1_firstIndex  slave1.o
    0x080043e0   0x080043e0   0x00000001   Data   RO         1192    .rodata.Slave1_iam_a_slave  slave1.o
    0x080043e1   0x080043e1   0x00000001   PAD
    0x080043e2   0x080043e2   0x0000000c   Data   RO         1440    .rodata.Slave1_lastIndex  slave1.o
    0x080043ee   0x080043ee   0x00000002   PAD
    0x080043f0   0x080043f0   0x000000b8   Data   RO         1437    .rodata.Slave1_objdict  slave1.o
    0x080044a8   0x080044a8   0x00000020   Data   RO         1905    Region$$Table       anon$$obj.o


    Execution Region RW_IRAM1 (Exec base: 0x20000000, Load base: 0x080044c8, Size: 0x000028d8, Max: 0x00005000, ABSOLUTE, COMPRESSED[0x00000420])

    Exec Addr    Load Addr    Size         Type   Attr      Idx    E Section Name        Object

    0x20000000   COMPRESSED   0x00000008   Data   RW          265    .data..L_MergedGlobals  stm32f1xx_hal.o
    0x20000008   COMPRESSED   0x00000008   Data   RW         1867    .data..L_MergedGlobals  timer.o
    0x20000010   COMPRESSED   0x00000390   Data   RW         1443    .data.Slave1_Data   slave1.o
    0x200003a0   COMPRESSED   0x00000010   Data   RW         1194    .data.Slave1_Index1000  slave1.o
    0x200003b0   COMPRESSED   0x00000010   Data   RW         1196    .data.Slave1_Index1001  slave1.o
    0x200003c0   COMPRESSED   0x00000800   Data   RW         1332    .data.Slave1_Index1010  slave1.o
    0x20000bc0   COMPRESSED   0x00000010   Data   RW         1337    .data.Slave1_Index1017  slave1.o
    0x20000bd0   COMPRESSED   0x00000050   Data   RW         1343    .data.Slave1_Index1018  slave1.o
    0x20000c20   COMPRESSED   0x00000030   Data   RW         1347    .data.Slave1_Index1200  slave1.o
    0x20000c50   COMPRESSED   0x00000070   Data   RW         1355    .data.Slave1_Index1400  slave1.o
    0x20000cc0   COMPRESSED   0x00000070   Data   RW         1363    .data.Slave1_Index1401  slave1.o
    0x20000d30   COMPRESSED   0x00000070   Data   RW         1371    .data.Slave1_Index1402  slave1.o
    0x20000da0   COMPRESSED   0x00000070   Data   RW         1379    .data.Slave1_Index1403  slave1.o
    0x20000e10   COMPRESSED   0x00000020   Data   RW         1382    .data.Slave1_Index1600  slave1.o
    0x20000e30   COMPRESSED   0x00000090   Data   RW         1385    .data.Slave1_Index1601  slave1.o
    0x20000ec0   COMPRESSED   0x00000090   Data   RW         1388    .data.Slave1_Index1602  slave1.o
    0x20000f50   COMPRESSED   0x00000090   Data   RW         1391    .data.Slave1_Index1603  slave1.o
    0x20000fe0   COMPRESSED   0x00000070   Data   RW         1399    .data.Slave1_Index1800  slave1.o
    0x20001050   COMPRESSED   0x00000070   Data   RW         1407    .data.Slave1_Index1801  slave1.o
    0x200010c0   COMPRESSED   0x00000070   Data   RW         1415    .data.Slave1_Index1802  slave1.o
    0x20001130   COMPRESSED   0x00000070   Data   RW         1423    .data.Slave1_Index1803  slave1.o
    0x200011a0   COMPRESSED   0x00000020   Data   RW         1426    .data.Slave1_Index1A00  slave1.o
    0x200011c0   COMPRESSED   0x00000090   Data   RW         1429    .data.Slave1_Index1A01  slave1.o
    0x20001250   COMPRESSED   0x00000090   Data   RW         1432    .data.Slave1_Index1A02  slave1.o
    0x200012e0   COMPRESSED   0x00000090   Data   RW         1435    .data.Slave1_Index1A03  slave1.o
    0x20001370   COMPRESSED   0x00000010   Data   RW         1436    .data.Slave1_Index2000  slave1.o
    0x20001380   COMPRESSED   0x00000048   Data   RW         1438    .data.Slave1_PDO_status  slave1.o
    0x200013c8   COMPRESSED   0x00000001   Data   RW         1204    .data.Slave1_highestSubIndex_obj1010  slave1.o
    0x200013c9   COMPRESSED   0x00000001   Data   RW         1338    .data.Slave1_highestSubIndex_obj1018  slave1.o
    0x200013ca   COMPRESSED   0x00000001   Data   RW         1344    .data.Slave1_highestSubIndex_obj1200  slave1.o
    0x200013cb   COMPRESSED   0x00000001   Data   RW         1348    .data.Slave1_highestSubIndex_obj1400  slave1.o
    0x200013cc   COMPRESSED   0x00000001   Data   RW         1356    .data.Slave1_highestSubIndex_obj1401  slave1.o
    0x200013cd   COMPRESSED   0x00000001   Data   RW         1364    .data.Slave1_highestSubIndex_obj1402  slave1.o
    0x200013ce   COMPRESSED   0x00000001   Data   RW         1372    .data.Slave1_highestSubIndex_obj1403  slave1.o
    0x200013cf   COMPRESSED   0x00000001   Data   RW         1380    .data.Slave1_highestSubIndex_obj1600  slave1.o
    0x200013d0   COMPRESSED   0x00000001   Data   RW         1383    .data.Slave1_highestSubIndex_obj1601  slave1.o
    0x200013d1   COMPRESSED   0x00000001   Data   RW         1386    .data.Slave1_highestSubIndex_obj1602  slave1.o
    0x200013d2   COMPRESSED   0x00000001   Data   RW         1389    .data.Slave1_highestSubIndex_obj1603  slave1.o
    0x200013d3   COMPRESSED   0x00000001   Data   RW         1392    .data.Slave1_highestSubIndex_obj1800  slave1.o
    0x200013d4   COMPRESSED   0x00000001   Data   RW         1400    .data.Slave1_highestSubIndex_obj1801  slave1.o
    0x200013d5   COMPRESSED   0x00000001   Data   RW         1408    .data.Slave1_highestSubIndex_obj1802  slave1.o
    0x200013d6   COMPRESSED   0x00000001   Data   RW         1416    .data.Slave1_highestSubIndex_obj1803  slave1.o
    0x200013d7   COMPRESSED   0x00000001   Data   RW         1424    .data.Slave1_highestSubIndex_obj1A00  slave1.o
    0x200013d8   COMPRESSED   0x00000001   Data   RW         1427    .data.Slave1_highestSubIndex_obj1A01  slave1.o
    0x200013d9   COMPRESSED   0x00000001   Data   RW         1430    .data.Slave1_highestSubIndex_obj1A02  slave1.o
    0x200013da   COMPRESSED   0x00000001   Data   RW         1433    .data.Slave1_highestSubIndex_obj1A03  slave1.o
    0x200013db   COMPRESSED   0x00000001   PAD
    0x200013dc   COMPRESSED   0x00000004   Data   RW         1333    .data.Slave1_obj1014  slave1.o
    0x200013e0   COMPRESSED   0x00000002   Data   RW         1336    .data.Slave1_obj1017  slave1.o
    0x200013e2   COMPRESSED   0x00000002   PAD
    0x200013e4   COMPRESSED   0x00000004   Data   RW         1345    .data.Slave1_obj1200_COB_ID_Client_to_Server_Receive_SDO  slave1.o
    0x200013e8   COMPRESSED   0x00000004   Data   RW         1346    .data.Slave1_obj1200_COB_ID_Server_to_Client_Transmit_SDO  slave1.o
    0x200013ec   COMPRESSED   0x00000004   Data   RW         1349    .data.Slave1_obj1400_COB_ID_used_by_PDO  slave1.o
    0x200013f0   COMPRESSED   0x00000004   Data   RW         1357    .data.Slave1_obj1401_COB_ID_used_by_PDO  slave1.o
    0x200013f4   COMPRESSED   0x00000004   Data   RW         1365    .data.Slave1_obj1402_COB_ID_used_by_PDO  slave1.o
    0x200013f8   COMPRESSED   0x00000004   Data   RW         1373    .data.Slave1_obj1403_COB_ID_used_by_PDO  slave1.o
    0x200013fc   COMPRESSED   0x00000004   Data   RW         1393    .data.Slave1_obj1800_COB_ID_used_by_PDO  slave1.o
    0x20001400   COMPRESSED   0x00000002   Data   RW         1395    .data.Slave1_obj1800_Inhibit_Time  slave1.o
    0x20001402   COMPRESSED   0x00000001   Data   RW         1394    .data.Slave1_obj1800_Transmission_Type  slave1.o
    0x20001403   COMPRESSED   0x00000001   PAD
    0x20001404   COMPRESSED   0x00000004   Data   RW         1401    .data.Slave1_obj1801_COB_ID_used_by_PDO  slave1.o
    0x20001408   COMPRESSED   0x00000001   Data   RW         1402    .data.Slave1_obj1801_Transmission_Type  slave1.o
    0x20001409   COMPRESSED   0x00000003   PAD
    0x2000140c   COMPRESSED   0x00000004   Data   RW         1409    .data.Slave1_obj1802_COB_ID_used_by_PDO  slave1.o
    0x20001410   COMPRESSED   0x00000001   Data   RW         1410    .data.Slave1_obj1802_Transmission_Type  slave1.o
    0x20001411   COMPRESSED   0x00000003   PAD
    0x20001414   COMPRESSED   0x00000004   Data   RW         1417    .data.Slave1_obj1803_COB_ID_used_by_PDO  slave1.o
    0x20001418   COMPRESSED   0x00000001   Data   RW         1418    .data.Slave1_obj1803_Transmission_Type  slave1.o
    0x20001419   COMPRESSED   0x00000003   PAD
    0x2000141c   COMPRESSED   0x00000004   Data   RW         1425    .data.Slave1_obj1A00  slave1.o
    0x20001420   COMPRESSED   0x00000004   Data   RW         1115    .data.SystemCoreClock  system_stm32f1xx.o
    0x20001424   COMPRESSED   0x00000004   PAD
    0x20001428        -       0x0000002c   Zero   RW         1138    .bss..L_MergedGlobals  bsp_can.o
    0x20001454        -       0x00000008   Zero   RW         1177    .bss..L_MergedGlobals  bsp_canopen_timer.o
    0x2000145c        -       0x00000014   Zero   RW         1161    .bss.CANopen_Slave  bsp_canopen.o
    0x20001470        -       0x00000001   Zero   RW         1191    .bss.Slave1_bDeviceNodeId  slave1.o
    0x20001471   COMPRESSED   0x00000001   PAD
    0x20001472        -       0x00000002   Zero   RW         1442    .bss.Slave1_heartBeatTimers  slave1.o
    0x20001474        -       0x00000001   Zero   RW         1197    .bss.Slave1_highestSubIndex_obj1003  slave1.o
    0x20001475        -       0x00000001   Zero   RW         1334    .bss.Slave1_highestSubIndex_obj1016  slave1.o
    0x20001476   COMPRESSED   0x00000002   PAD
    0x20001478        -       0x00000004   Zero   RW         1193    .bss.Slave1_obj1000  slave1.o
    0x2000147c        -       0x00000001   Zero   RW         1195    .bss.Slave1_obj1001  slave1.o
    0x2000147d   COMPRESSED   0x00000003   PAD
    0x20001480        -       0x00000004   Zero   RW         1198    .bss.Slave1_obj1003  slave1.o
    0x20001484        -       0x00000004   Zero   RW         1200    .bss.Slave1_obj1005  slave1.o
    0x20001488        -       0x00000004   Zero   RW         1201    .bss.Slave1_obj1006  slave1.o
    0x2000148c        -       0x00000002   Zero   RW         1202    .bss.Slave1_obj100C  slave1.o
    0x2000148e        -       0x00000001   Zero   RW         1203    .bss.Slave1_obj100D  slave1.o
    0x2000148f   COMPRESSED   0x00000001   PAD
    0x20001490        -       0x00000004   Zero   RW         1205    .bss.Slave1_obj1010_Save_All_Parameters  slave1.o
    0x20001494        -       0x00000004   Zero   RW         1207    .bss.Slave1_obj1010_Save_Application_Parameters  slave1.o
    0x20001498        -       0x00000004   Zero   RW         1206    .bss.Slave1_obj1010_Save_Communication_Parameters  slave1.o
    0x2000149c        -       0x00000004   Zero   RW         1208    .bss.Slave1_obj1010_Save_Manufacturer_Parameters_1  slave1.o
    0x200014a0        -       0x00000004   Zero   RW         1217    .bss.Slave1_obj1010_Save_Manufacturer_Parameters_10  slave1.o
    0x200014a4        -       0x00000004   Zero   RW         1307    .bss.Slave1_obj1010_Save_Manufacturer_Parameters_100  slave1.o
    0x200014a8        -       0x00000004   Zero   RW         1308    .bss.Slave1_obj1010_Save_Manufacturer_Parameters_101  slave1.o
    0x200014ac        -       0x00000004   Zero   RW         1309    .bss.Slave1_obj1010_Save_Manufacturer_Parameters_102  slave1.o
    0x200014b0        -       0x00000004   Zero   RW         1310    .bss.Slave1_obj1010_Save_Manufacturer_Parameters_103  slave1.o
    0x200014b4        -       0x00000004   Zero   RW         1311    .bss.Slave1_obj1010_Save_Manufacturer_Parameters_104  slave1.o
    0x200014b8        -       0x00000004   Zero   RW         1312    .bss.Slave1_obj1010_Save_Manufacturer_Parameters_105  slave1.o
    0x200014bc        -       0x00000004   Zero   RW         1313    .bss.Slave1_obj1010_Save_Manufacturer_Parameters_106  slave1.o
    0x200014c0        -       0x00000004   Zero   RW         1314    .bss.Slave1_obj1010_Save_Manufacturer_Parameters_107  slave1.o
    0x200014c4        -       0x00000004   Zero   RW         1315    .bss.Slave1_obj1010_Save_Manufacturer_Parameters_108  slave1.o
    0x200014c8        -       0x00000004   Zero   RW         1316    .bss.Slave1_obj1010_Save_Manufacturer_Parameters_109  slave1.o
    0x200014cc        -       0x00000004   Zero   RW         1218    .bss.Slave1_obj1010_Save_Manufacturer_Parameters_11  slave1.o
    0x200014d0        -       0x00000004   Zero   RW         1317    .bss.Slave1_obj1010_Save_Manufacturer_Parameters_110  slave1.o
    0x200014d4        -       0x00000004   Zero   RW         1318    .bss.Slave1_obj1010_Save_Manufacturer_Parameters_111  slave1.o
    0x200014d8        -       0x00000004   Zero   RW         1319    .bss.Slave1_obj1010_Save_Manufacturer_Parameters_112  slave1.o
    0x200014dc        -       0x00000004   Zero   RW         1320    .bss.Slave1_obj1010_Save_Manufacturer_Parameters_113  slave1.o
    0x200014e0        -       0x00000004   Zero   RW         1321    .bss.Slave1_obj1010_Save_Manufacturer_Parameters_114  slave1.o
    0x200014e4        -       0x00000004   Zero   RW         1322    .bss.Slave1_obj1010_Save_Manufacturer_Parameters_115  slave1.o
    0x200014e8        -       0x00000004   Zero   RW         1323    .bss.Slave1_obj1010_Save_Manufacturer_Parameters_116  slave1.o
    0x200014ec        -       0x00000004   Zero   RW         1324    .bss.Slave1_obj1010_Save_Manufacturer_Parameters_117  slave1.o
    0x200014f0        -       0x00000004   Zero   RW         1325    .bss.Slave1_obj1010_Save_Manufacturer_Parameters_118  slave1.o
    0x200014f4        -       0x00000004   Zero   RW         1326    .bss.Slave1_obj1010_Save_Manufacturer_Parameters_119  slave1.o
    0x200014f8        -       0x00000004   Zero   RW         1219    .bss.Slave1_obj1010_Save_Manufacturer_Parameters_12  slave1.o
    0x200014fc        -       0x00000004   Zero   RW         1327    .bss.Slave1_obj1010_Save_Manufacturer_Parameters_120  slave1.o
    0x20001500        -       0x00000004   Zero   RW         1328    .bss.Slave1_obj1010_Save_Manufacturer_Parameters_121  slave1.o
    0x20001504        -       0x00000004   Zero   RW         1329    .bss.Slave1_obj1010_Save_Manufacturer_Parameters_122  slave1.o
    0x20001508        -       0x00000004   Zero   RW         1330    .bss.Slave1_obj1010_Save_Manufacturer_Parameters_123  slave1.o
    0x2000150c        -       0x00000004   Zero   RW         1331    .bss.Slave1_obj1010_Save_Manufacturer_Parameters_124  slave1.o
    0x20001510        -       0x00000004   Zero   RW         1220    .bss.Slave1_obj1010_Save_Manufacturer_Parameters_13  slave1.o
    0x20001514        -       0x00000004   Zero   RW         1221    .bss.Slave1_obj1010_Save_Manufacturer_Parameters_14  slave1.o
    0x20001518        -       0x00000004   Zero   RW         1222    .bss.Slave1_obj1010_Save_Manufacturer_Parameters_15  slave1.o
    0x2000151c        -       0x00000004   Zero   RW         1223    .bss.Slave1_obj1010_Save_Manufacturer_Parameters_16  slave1.o
    0x20001520        -       0x00000004   Zero   RW         1224    .bss.Slave1_obj1010_Save_Manufacturer_Parameters_17  slave1.o
    0x20001524        -       0x00000004   Zero   RW         1225    .bss.Slave1_obj1010_Save_Manufacturer_Parameters_18  slave1.o
    0x20001528        -       0x00000004   Zero   RW         1226    .bss.Slave1_obj1010_Save_Manufacturer_Parameters_19  slave1.o
    0x2000152c        -       0x00000004   Zero   RW         1209    .bss.Slave1_obj1010_Save_Manufacturer_Parameters_2  slave1.o
    0x20001530        -       0x00000004   Zero   RW         1227    .bss.Slave1_obj1010_Save_Manufacturer_Parameters_20  slave1.o
    0x20001534        -       0x00000004   Zero   RW         1228    .bss.Slave1_obj1010_Save_Manufacturer_Parameters_21  slave1.o
    0x20001538        -       0x00000004   Zero   RW         1229    .bss.Slave1_obj1010_Save_Manufacturer_Parameters_22  slave1.o
    0x2000153c        -       0x00000004   Zero   RW         1230    .bss.Slave1_obj1010_Save_Manufacturer_Parameters_23  slave1.o
    0x20001540        -       0x00000004   Zero   RW         1231    .bss.Slave1_obj1010_Save_Manufacturer_Parameters_24  slave1.o
    0x20001544        -       0x00000004   Zero   RW         1232    .bss.Slave1_obj1010_Save_Manufacturer_Parameters_25  slave1.o
    0x20001548        -       0x00000004   Zero   RW         1233    .bss.Slave1_obj1010_Save_Manufacturer_Parameters_26  slave1.o
    0x2000154c        -       0x00000004   Zero   RW         1234    .bss.Slave1_obj1010_Save_Manufacturer_Parameters_27  slave1.o
    0x20001550        -       0x00000004   Zero   RW         1235    .bss.Slave1_obj1010_Save_Manufacturer_Parameters_28  slave1.o
    0x20001554        -       0x00000004   Zero   RW         1236    .bss.Slave1_obj1010_Save_Manufacturer_Parameters_29  slave1.o
    0x20001558        -       0x00000004   Zero   RW         1210    .bss.Slave1_obj1010_Save_Manufacturer_Parameters_3  slave1.o
    0x2000155c        -       0x00000004   Zero   RW         1237    .bss.Slave1_obj1010_Save_Manufacturer_Parameters_30  slave1.o
    0x20001560        -       0x00000004   Zero   RW         1238    .bss.Slave1_obj1010_Save_Manufacturer_Parameters_31  slave1.o
    0x20001564        -       0x00000004   Zero   RW         1239    .bss.Slave1_obj1010_Save_Manufacturer_Parameters_32  slave1.o
    0x20001568        -       0x00000004   Zero   RW         1240    .bss.Slave1_obj1010_Save_Manufacturer_Parameters_33  slave1.o
    0x2000156c        -       0x00000004   Zero   RW         1241    .bss.Slave1_obj1010_Save_Manufacturer_Parameters_34  slave1.o
    0x20001570        -       0x00000004   Zero   RW         1242    .bss.Slave1_obj1010_Save_Manufacturer_Parameters_35  slave1.o
    0x20001574        -       0x00000004   Zero   RW         1243    .bss.Slave1_obj1010_Save_Manufacturer_Parameters_36  slave1.o
    0x20001578        -       0x00000004   Zero   RW         1244    .bss.Slave1_obj1010_Save_Manufacturer_Parameters_37  slave1.o
    0x2000157c        -       0x00000004   Zero   RW         1245    .bss.Slave1_obj1010_Save_Manufacturer_Parameters_38  slave1.o
    0x20001580        -       0x00000004   Zero   RW         1246    .bss.Slave1_obj1010_Save_Manufacturer_Parameters_39  slave1.o
    0x20001584        -       0x00000004   Zero   RW         1211    .bss.Slave1_obj1010_Save_Manufacturer_Parameters_4  slave1.o
    0x20001588        -       0x00000004   Zero   RW         1247    .bss.Slave1_obj1010_Save_Manufacturer_Parameters_40  slave1.o
    0x2000158c        -       0x00000004   Zero   RW         1248    .bss.Slave1_obj1010_Save_Manufacturer_Parameters_41  slave1.o
    0x20001590        -       0x00000004   Zero   RW         1249    .bss.Slave1_obj1010_Save_Manufacturer_Parameters_42  slave1.o
    0x20001594        -       0x00000004   Zero   RW         1250    .bss.Slave1_obj1010_Save_Manufacturer_Parameters_43  slave1.o
    0x20001598        -       0x00000004   Zero   RW         1251    .bss.Slave1_obj1010_Save_Manufacturer_Parameters_44  slave1.o
    0x2000159c        -       0x00000004   Zero   RW         1252    .bss.Slave1_obj1010_Save_Manufacturer_Parameters_45  slave1.o
    0x200015a0        -       0x00000004   Zero   RW         1253    .bss.Slave1_obj1010_Save_Manufacturer_Parameters_46  slave1.o
    0x200015a4        -       0x00000004   Zero   RW         1254    .bss.Slave1_obj1010_Save_Manufacturer_Parameters_47  slave1.o
    0x200015a8        -       0x00000004   Zero   RW         1255    .bss.Slave1_obj1010_Save_Manufacturer_Parameters_48  slave1.o
    0x200015ac        -       0x00000004   Zero   RW         1256    .bss.Slave1_obj1010_Save_Manufacturer_Parameters_49  slave1.o
    0x200015b0        -       0x00000004   Zero   RW         1212    .bss.Slave1_obj1010_Save_Manufacturer_Parameters_5  slave1.o
    0x200015b4        -       0x00000004   Zero   RW         1257    .bss.Slave1_obj1010_Save_Manufacturer_Parameters_50  slave1.o
    0x200015b8        -       0x00000004   Zero   RW         1258    .bss.Slave1_obj1010_Save_Manufacturer_Parameters_51  slave1.o
    0x200015bc        -       0x00000004   Zero   RW         1259    .bss.Slave1_obj1010_Save_Manufacturer_Parameters_52  slave1.o
    0x200015c0        -       0x00000004   Zero   RW         1260    .bss.Slave1_obj1010_Save_Manufacturer_Parameters_53  slave1.o
    0x200015c4        -       0x00000004   Zero   RW         1261    .bss.Slave1_obj1010_Save_Manufacturer_Parameters_54  slave1.o
    0x200015c8        -       0x00000004   Zero   RW         1262    .bss.Slave1_obj1010_Save_Manufacturer_Parameters_55  slave1.o
    0x200015cc        -       0x00000004   Zero   RW         1263    .bss.Slave1_obj1010_Save_Manufacturer_Parameters_56  slave1.o
    0x200015d0        -       0x00000004   Zero   RW         1264    .bss.Slave1_obj1010_Save_Manufacturer_Parameters_57  slave1.o
    0x200015d4        -       0x00000004   Zero   RW         1265    .bss.Slave1_obj1010_Save_Manufacturer_Parameters_58  slave1.o
    0x200015d8        -       0x00000004   Zero   RW         1266    .bss.Slave1_obj1010_Save_Manufacturer_Parameters_59  slave1.o
    0x200015dc        -       0x00000004   Zero   RW         1213    .bss.Slave1_obj1010_Save_Manufacturer_Parameters_6  slave1.o
    0x200015e0        -       0x00000004   Zero   RW         1267    .bss.Slave1_obj1010_Save_Manufacturer_Parameters_60  slave1.o
    0x200015e4        -       0x00000004   Zero   RW         1268    .bss.Slave1_obj1010_Save_Manufacturer_Parameters_61  slave1.o
    0x200015e8        -       0x00000004   Zero   RW         1269    .bss.Slave1_obj1010_Save_Manufacturer_Parameters_62  slave1.o
    0x200015ec        -       0x00000004   Zero   RW         1270    .bss.Slave1_obj1010_Save_Manufacturer_Parameters_63  slave1.o
    0x200015f0        -       0x00000004   Zero   RW         1271    .bss.Slave1_obj1010_Save_Manufacturer_Parameters_64  slave1.o
    0x200015f4        -       0x00000004   Zero   RW         1272    .bss.Slave1_obj1010_Save_Manufacturer_Parameters_65  slave1.o
    0x200015f8        -       0x00000004   Zero   RW         1273    .bss.Slave1_obj1010_Save_Manufacturer_Parameters_66  slave1.o
    0x200015fc        -       0x00000004   Zero   RW         1274    .bss.Slave1_obj1010_Save_Manufacturer_Parameters_67  slave1.o
    0x20001600        -       0x00000004   Zero   RW         1275    .bss.Slave1_obj1010_Save_Manufacturer_Parameters_68  slave1.o
    0x20001604        -       0x00000004   Zero   RW         1276    .bss.Slave1_obj1010_Save_Manufacturer_Parameters_69  slave1.o
    0x20001608        -       0x00000004   Zero   RW         1214    .bss.Slave1_obj1010_Save_Manufacturer_Parameters_7  slave1.o
    0x2000160c        -       0x00000004   Zero   RW         1277    .bss.Slave1_obj1010_Save_Manufacturer_Parameters_70  slave1.o
    0x20001610        -       0x00000004   Zero   RW         1278    .bss.Slave1_obj1010_Save_Manufacturer_Parameters_71  slave1.o
    0x20001614        -       0x00000004   Zero   RW         1279    .bss.Slave1_obj1010_Save_Manufacturer_Parameters_72  slave1.o
    0x20001618        -       0x00000004   Zero   RW         1280    .bss.Slave1_obj1010_Save_Manufacturer_Parameters_73  slave1.o
    0x2000161c        -       0x00000004   Zero   RW         1281    .bss.Slave1_obj1010_Save_Manufacturer_Parameters_74  slave1.o
    0x20001620        -       0x00000004   Zero   RW         1282    .bss.Slave1_obj1010_Save_Manufacturer_Parameters_75  slave1.o
    0x20001624        -       0x00000004   Zero   RW         1283    .bss.Slave1_obj1010_Save_Manufacturer_Parameters_76  slave1.o
    0x20001628        -       0x00000004   Zero   RW         1284    .bss.Slave1_obj1010_Save_Manufacturer_Parameters_77  slave1.o
    0x2000162c        -       0x00000004   Zero   RW         1285    .bss.Slave1_obj1010_Save_Manufacturer_Parameters_78  slave1.o
    0x20001630        -       0x00000004   Zero   RW         1286    .bss.Slave1_obj1010_Save_Manufacturer_Parameters_79  slave1.o
    0x20001634        -       0x00000004   Zero   RW         1215    .bss.Slave1_obj1010_Save_Manufacturer_Parameters_8  slave1.o
    0x20001638        -       0x00000004   Zero   RW         1287    .bss.Slave1_obj1010_Save_Manufacturer_Parameters_80  slave1.o
    0x2000163c        -       0x00000004   Zero   RW         1288    .bss.Slave1_obj1010_Save_Manufacturer_Parameters_81  slave1.o
    0x20001640        -       0x00000004   Zero   RW         1289    .bss.Slave1_obj1010_Save_Manufacturer_Parameters_82  slave1.o
    0x20001644        -       0x00000004   Zero   RW         1290    .bss.Slave1_obj1010_Save_Manufacturer_Parameters_83  slave1.o
    0x20001648        -       0x00000004   Zero   RW         1291    .bss.Slave1_obj1010_Save_Manufacturer_Parameters_84  slave1.o
    0x2000164c        -       0x00000004   Zero   RW         1292    .bss.Slave1_obj1010_Save_Manufacturer_Parameters_85  slave1.o
    0x20001650        -       0x00000004   Zero   RW         1293    .bss.Slave1_obj1010_Save_Manufacturer_Parameters_86  slave1.o
    0x20001654        -       0x00000004   Zero   RW         1294    .bss.Slave1_obj1010_Save_Manufacturer_Parameters_87  slave1.o
    0x20001658        -       0x00000004   Zero   RW         1295    .bss.Slave1_obj1010_Save_Manufacturer_Parameters_88  slave1.o
    0x2000165c        -       0x00000004   Zero   RW         1296    .bss.Slave1_obj1010_Save_Manufacturer_Parameters_89  slave1.o
    0x20001660        -       0x00000004   Zero   RW         1216    .bss.Slave1_obj1010_Save_Manufacturer_Parameters_9  slave1.o
    0x20001664        -       0x00000004   Zero   RW         1297    .bss.Slave1_obj1010_Save_Manufacturer_Parameters_90  slave1.o
    0x20001668        -       0x00000004   Zero   RW         1298    .bss.Slave1_obj1010_Save_Manufacturer_Parameters_91  slave1.o
    0x2000166c        -       0x00000004   Zero   RW         1299    .bss.Slave1_obj1010_Save_Manufacturer_Parameters_92  slave1.o
    0x20001670        -       0x00000004   Zero   RW         1300    .bss.Slave1_obj1010_Save_Manufacturer_Parameters_93  slave1.o
    0x20001674        -       0x00000004   Zero   RW         1301    .bss.Slave1_obj1010_Save_Manufacturer_Parameters_94  slave1.o
    0x20001678        -       0x00000004   Zero   RW         1302    .bss.Slave1_obj1010_Save_Manufacturer_Parameters_95  slave1.o
    0x2000167c        -       0x00000004   Zero   RW         1303    .bss.Slave1_obj1010_Save_Manufacturer_Parameters_96  slave1.o
    0x20001680        -       0x00000004   Zero   RW         1304    .bss.Slave1_obj1010_Save_Manufacturer_Parameters_97  slave1.o
    0x20001684        -       0x00000004   Zero   RW         1305    .bss.Slave1_obj1010_Save_Manufacturer_Parameters_98  slave1.o
    0x20001688        -       0x00000004   Zero   RW         1306    .bss.Slave1_obj1010_Save_Manufacturer_Parameters_99  slave1.o
    0x2000168c        -       0x00000004   Zero   RW         1335    .bss.Slave1_obj1016  slave1.o
    0x20001690        -       0x00000004   Zero   RW         1340    .bss.Slave1_obj1018_Product_Code  slave1.o
    0x20001694        -       0x00000004   Zero   RW         1341    .bss.Slave1_obj1018_Revision_Number  slave1.o
    0x20001698        -       0x00000004   Zero   RW         1342    .bss.Slave1_obj1018_Serial_Number  slave1.o
    0x2000169c        -       0x00000004   Zero   RW         1339    .bss.Slave1_obj1018_Vendor_ID  slave1.o
    0x200016a0        -       0x00000001   Zero   RW         1352    .bss.Slave1_obj1400_Compatibility_Entry  slave1.o
    0x200016a1   COMPRESSED   0x00000001   PAD
    0x200016a2        -       0x00000002   Zero   RW         1353    .bss.Slave1_obj1400_Event_Timer  slave1.o
    0x200016a4        -       0x00000002   Zero   RW         1351    .bss.Slave1_obj1400_Inhibit_Time  slave1.o
    0x200016a6        -       0x00000001   Zero   RW         1354    .bss.Slave1_obj1400_SYNC_start_value  slave1.o
    0x200016a7        -       0x00000001   Zero   RW         1350    .bss.Slave1_obj1400_Transmission_Type  slave1.o
    0x200016a8        -       0x00000001   Zero   RW         1360    .bss.Slave1_obj1401_Compatibility_Entry  slave1.o
    0x200016a9   COMPRESSED   0x00000001   PAD
    0x200016aa        -       0x00000002   Zero   RW         1361    .bss.Slave1_obj1401_Event_Timer  slave1.o
    0x200016ac        -       0x00000002   Zero   RW         1359    .bss.Slave1_obj1401_Inhibit_Time  slave1.o
    0x200016ae        -       0x00000001   Zero   RW         1362    .bss.Slave1_obj1401_SYNC_start_value  slave1.o
    0x200016af        -       0x00000001   Zero   RW         1358    .bss.Slave1_obj1401_Transmission_Type  slave1.o
    0x200016b0        -       0x00000001   Zero   RW         1368    .bss.Slave1_obj1402_Compatibility_Entry  slave1.o
    0x200016b1   COMPRESSED   0x00000001   PAD
    0x200016b2        -       0x00000002   Zero   RW         1369    .bss.Slave1_obj1402_Event_Timer  slave1.o
    0x200016b4        -       0x00000002   Zero   RW         1367    .bss.Slave1_obj1402_Inhibit_Time  slave1.o
    0x200016b6        -       0x00000001   Zero   RW         1370    .bss.Slave1_obj1402_SYNC_start_value  slave1.o
    0x200016b7        -       0x00000001   Zero   RW         1366    .bss.Slave1_obj1402_Transmission_Type  slave1.o
    0x200016b8        -       0x00000001   Zero   RW         1376    .bss.Slave1_obj1403_Compatibility_Entry  slave1.o
    0x200016b9   COMPRESSED   0x00000001   PAD
    0x200016ba        -       0x00000002   Zero   RW         1377    .bss.Slave1_obj1403_Event_Timer  slave1.o
    0x200016bc        -       0x00000002   Zero   RW         1375    .bss.Slave1_obj1403_Inhibit_Time  slave1.o
    0x200016be        -       0x00000001   Zero   RW         1378    .bss.Slave1_obj1403_SYNC_start_value  slave1.o
    0x200016bf        -       0x00000001   Zero   RW         1374    .bss.Slave1_obj1403_Transmission_Type  slave1.o
    0x200016c0        -       0x00000004   Zero   RW         1381    .bss.Slave1_obj1600  slave1.o
    0x200016c4        -       0x00000020   Zero   RW         1384    .bss.Slave1_obj1601  slave1.o
    0x200016e4        -       0x00000020   Zero   RW         1387    .bss.Slave1_obj1602  slave1.o
    0x20001704        -       0x00000020   Zero   RW         1390    .bss.Slave1_obj1603  slave1.o
    0x20001724        -       0x00000001   Zero   RW         1396    .bss.Slave1_obj1800_Compatibility_Entry  slave1.o
    0x20001725   COMPRESSED   0x00000001   PAD
    0x20001726        -       0x00000002   Zero   RW         1397    .bss.Slave1_obj1800_Event_Timer  slave1.o
    0x20001728        -       0x00000001   Zero   RW         1398    .bss.Slave1_obj1800_SYNC_start_value  slave1.o
    0x20001729        -       0x00000001   Zero   RW         1404    .bss.Slave1_obj1801_Compatibility_Entry  slave1.o
    0x2000172a        -       0x00000002   Zero   RW         1405    .bss.Slave1_obj1801_Event_Timer  slave1.o
    0x2000172c        -       0x00000002   Zero   RW         1403    .bss.Slave1_obj1801_Inhibit_Time  slave1.o
    0x2000172e        -       0x00000001   Zero   RW         1406    .bss.Slave1_obj1801_SYNC_start_value  slave1.o
    0x2000172f        -       0x00000001   Zero   RW         1412    .bss.Slave1_obj1802_Compatibility_Entry  slave1.o
    0x20001730        -       0x00000002   Zero   RW         1413    .bss.Slave1_obj1802_Event_Timer  slave1.o
    0x20001732        -       0x00000002   Zero   RW         1411    .bss.Slave1_obj1802_Inhibit_Time  slave1.o
    0x20001734        -       0x00000001   Zero   RW         1414    .bss.Slave1_obj1802_SYNC_start_value  slave1.o
    0x20001735        -       0x00000001   Zero   RW         1420    .bss.Slave1_obj1803_Compatibility_Entry  slave1.o
    0x20001736        -       0x00000002   Zero   RW         1421    .bss.Slave1_obj1803_Event_Timer  slave1.o
    0x20001738        -       0x00000002   Zero   RW         1419    .bss.Slave1_obj1803_Inhibit_Time  slave1.o
    0x2000173a        -       0x00000001   Zero   RW         1422    .bss.Slave1_obj1803_SYNC_start_value  slave1.o
    0x2000173b   COMPRESSED   0x00000001   PAD
    0x2000173c        -       0x00000020   Zero   RW         1428    .bss.Slave1_obj1A01  slave1.o
    0x2000175c        -       0x00000020   Zero   RW         1431    .bss.Slave1_obj1A02  slave1.o
    0x2000177c        -       0x00000020   Zero   RW         1434    .bss.Slave1_obj1A03  slave1.o
    0x2000179c        -       0x00000028   Zero   RW           42    .bss.hcan           can.o
    0x200017c4        -       0x00000048   Zero   RW           57    .bss.htim4          tim.o
    0x2000180c        -       0x00000004   Zero   RW         1162    .bss.init_callback  bsp_canopen.o
    0x20001810        -       0x000000c0   Zero   RW         1865    .bss.timers         timer.o
    0x200018d0        -       0x00000001   Zero   RW         1190    .bss.tx_Value       slave1.o
    0x200018d1   COMPRESSED   0x00000003   PAD
    0x200018d4        -       0x00000004   Zero   RW          264    .bss.uwTick         stm32f1xx_hal.o
    0x200018d8        -       0x00001000   Zero   RW            1    STACK               startup_stm32f103xb.o


==============================================================================

Image component sizes


      Code (inc. data)   RO Data    RW Data    ZI Data      Debug   Object Name

       228         16          0          0         44       5498   bsp_can.o
       188         28          0          0         24       7676   bsp_canopen.o
       100         20          0          0          8       4249   bsp_canopen_timer.o
       216         16          0          0         40       5281   can.o
       104          4          0          0          0       8010   emcy.o
        68          4          0          0          0        960   gpio.o
       884         28          0          0          0       9838   lifegrd.o
       186          8          0          0          0       5155   main.o
        60          0          0          0          0       6104   nmtmaster.o
       194          0          0          0          0       6039   nmtslave.o
       442         20          0          0          0       7963   objacces.o
      1944         12          0          0          0      14319   pdo.o
      5512         66          0          0          0      29658   sdo.o
       268         28        211       5123        800      20114   slave1.o
        36          8        236          0       4096        804   startup_stm32f103xb.o
       884         64         28          0          0       8880   states.o
       152          8          0          8          4       5948   stm32f1xx_hal.o
      1528          6          0          0          0      13315   stm32f1xx_hal_can.o
       202         28          0          0          0       8380   stm32f1xx_hal_cortex.o
       428         52          0          0          0       4558   stm32f1xx_hal_gpio.o
        64          8          0          0          0       1220   stm32f1xx_hal_msp.o
      1210         64          0          0          0       7405   stm32f1xx_hal_rcc.o
       962         20          0          0          0      46251   stm32f1xx_hal_tim.o
        88          0          0          0          0      19522   stm32f1xx_hal_tim_ex.o
        52          8          0          0          0       6066   stm32f1xx_it.o
       252          8          0          0          0       6664   sync.o
         2          0         16          4          0       1617   system_stm32f1xx.o
       156         12          0          0         72       5800   tim.o
       368         16          0          8        192       7076   timer.o

    ----------------------------------------------------------------------
     16810        552        526       5156       5300     274370   Object Totals
         0          0         32          0          0          0   (incl. Generated)
        32          0          3         13         20          0   (incl. Padding)

    ----------------------------------------------------------------------

      Code (inc. data)   RO Data    RW Data    ZI Data      Debug   Library Member Name

        86          0          0          0          0          0   __dczerorl2.o
         0          0          0          0          0          0   entry.o
         0          0          0          0          0          0   entry10a.o
         0          0          0          0          0          0   entry11a.o
         8          4          0          0          0          0   entry2.o
         4          0          0          0          0          0   entry5.o
         0          0          0          0          0          0   entry7b.o
         0          0          0          0          0          0   entry8b.o
         8          4          0          0          0          0   entry9a.o
        30          0          0          0          0          0   handlers.o
        36          8          0          0          0         68   init.o
        26          0          0          0          0         80   memcmp.o
        36          0          0          0          0         68   memcpya.o
        36          0          0          0          0        108   memseta.o

    ----------------------------------------------------------------------
       272         16          0          0          0        324   Library Totals
         2          0          0          0          0          0   (incl. Padding)

    ----------------------------------------------------------------------

      Code (inc. data)   RO Data    RW Data    ZI Data      Debug   Library Name

       270         16          0          0          0        324   mc_w.l

    ----------------------------------------------------------------------
       272         16          0          0          0        324   Library Totals

    ----------------------------------------------------------------------

==============================================================================


      Code (inc. data)   RO Data    RW Data    ZI Data      Debug   

     17082        568        526       5156       5300     274282   Grand Totals
     17082        568        526       1056       5300     274282   ELF Image Totals (compressed)
     17082        568        526       1056          0          0   ROM Totals

==============================================================================

    Total RO  Size (Code + RO Data)                17608 (  17.20kB)
    Total RW  Size (RW Data + ZI Data)             10456 (  10.21kB)
    Total ROM Size (Code + RO Data + RW Data)      18664 (  18.23kB)

==============================================================================

